Archive member included to satisfy reference by file (symbol)

app/libapp.a(main.c.obj)      (--whole-archive)
zephyr/libzephyr.a(cbprintf_packaged.c.obj)
                              (--whole-archive)
zephyr/libzephyr.a(dec.c.obj)
                              (--whole-archive)
zephyr/libzephyr.a(fdtable.c.obj)
                              (--whole-archive)
zephyr/libzephyr.a(hex.c.obj)
                              (--whole-archive)
zephyr/libzephyr.a(printk.c.obj)
                              (--whole-archive)
zephyr/libzephyr.a(rb.c.obj)  (--whole-archive)
zephyr/libzephyr.a(sem.c.obj)
                              (--whole-archive)
zephyr/libzephyr.a(thread_entry.c.obj)
                              (--whole-archive)
zephyr/libzephyr.a(timeutil.c.obj)
                              (--whole-archive)
zephyr/libzephyr.a(heap.c.obj)
                              (--whole-archive)
zephyr/libzephyr.a(heap-validate.c.obj)
                              (--whole-archive)
zephyr/libzephyr.a(bitarray.c.obj)
                              (--whole-archive)
zephyr/libzephyr.a(multi_heap.c.obj)
                              (--whole-archive)
zephyr/libzephyr.a(onoff.c.obj)
                              (--whole-archive)
zephyr/libzephyr.a(notify.c.obj)
                              (--whole-archive)
zephyr/libzephyr.a(crc32c_sw.c.obj)
                              (--whole-archive)
zephyr/libzephyr.a(crc32_sw.c.obj)
                              (--whole-archive)
zephyr/libzephyr.a(crc16_sw.c.obj)
                              (--whole-archive)
zephyr/libzephyr.a(crc8_sw.c.obj)
                              (--whole-archive)
zephyr/libzephyr.a(crc7_sw.c.obj)
                              (--whole-archive)
zephyr/libzephyr.a(cbprintf_complete.c.obj)
                              (--whole-archive)
zephyr/libzephyr.a(cbprintf.c.obj)
                              (--whole-archive)
zephyr/libzephyr.a(assert.c.obj)
                              (--whole-archive)
zephyr/libzephyr.a(reboot.c.obj)
                              (--whole-archive)
zephyr/libzephyr.a(configs.c.obj)
                              (--whole-archive)
zephyr/libzephyr.a(soc_nrf_common.S.obj)
                              (--whole-archive)
zephyr/libzephyr.a(validate_base_addresses.c.obj)
                              (--whole-archive)
zephyr/libzephyr.a(validate_enabled_instances.c.obj)
                              (--whole-archive)
zephyr/libzephyr.a(thread_info.c.obj)
                              (--whole-archive)
zephyr/libzephyr.a(pm.c.obj)  (--whole-archive)
zephyr/libzephyr.a(policy.c.obj)
                              (--whole-archive)
zephyr/libzephyr.a(state.c.obj)
                              (--whole-archive)
zephyr/libzephyr.a(tracing_none.c.obj)
                              (--whole-archive)
zephyr/libzephyr.a(getline.c.obj)
                              (--whole-archive)
zephyr/arch/common/libarch__common.a(sw_isr_common.c.obj)
                              (--whole-archive)
zephyr/arch/arch/arm/core/aarch32/libarch__arm__core__aarch32.a(cpu_idle.S.obj)
                              (--whole-archive)
zephyr/arch/arch/arm/core/aarch32/libarch__arm__core__aarch32.a(fatal.c.obj)
                              (--whole-archive)
zephyr/arch/arch/arm/core/aarch32/libarch__arm__core__aarch32.a(irq_manage.c.obj)
                              (--whole-archive)
zephyr/arch/arch/arm/core/aarch32/libarch__arm__core__aarch32.a(nmi.c.obj)
                              (--whole-archive)
zephyr/arch/arch/arm/core/aarch32/libarch__arm__core__aarch32.a(nmi_on_reset.S.obj)
                              (--whole-archive)
zephyr/arch/arch/arm/core/aarch32/libarch__arm__core__aarch32.a(prep_c.c.obj)
                              (--whole-archive)
zephyr/arch/arch/arm/core/aarch32/libarch__arm__core__aarch32.a(swap.c.obj)
                              (--whole-archive)
zephyr/arch/arch/arm/core/aarch32/libarch__arm__core__aarch32.a(swap_helper.S.obj)
                              (--whole-archive)
zephyr/arch/arch/arm/core/aarch32/libarch__arm__core__aarch32.a(thread.c.obj)
                              (--whole-archive)
zephyr/arch/arch/arm/core/aarch32/libarch__arm__core__aarch32.a(isr_wrapper.S.obj)
                              (--whole-archive)
zephyr/arch/arch/arm/core/aarch32/cortex_m/libarch__arm__core__aarch32__cortex_m.a(exc_exit.S.obj)
                              (--whole-archive)
zephyr/arch/arch/arm/core/aarch32/cortex_m/libarch__arm__core__aarch32__cortex_m.a(fault.c.obj)
                              (--whole-archive)
zephyr/arch/arch/arm/core/aarch32/cortex_m/libarch__arm__core__aarch32__cortex_m.a(fault_s.S.obj)
                              (--whole-archive)
zephyr/arch/arch/arm/core/aarch32/cortex_m/libarch__arm__core__aarch32__cortex_m.a(fpu.c.obj)
                              (--whole-archive)
zephyr/arch/arch/arm/core/aarch32/cortex_m/libarch__arm__core__aarch32__cortex_m.a(irq_init.c.obj)
[...]
Memory Configuration

Name             Origin             Length             Attributes
FLASH            0x0000000000000000 0x0000000000080000 xr
RAM              0x0000000020000000 0x0000000000010000 xw
IDT_LIST         0x00000000fffff7ff 0x0000000000000800 xw
*default*        0x0000000000000000 0xffffffffffffffff

Linker script and memory map

LOAD zephyr/CMakeFiles/zephyr_pre1.dir/misc/empty_file.c.obj
LOAD zephyr/CMakeFiles/zephyr_pre1.dir/dev_handles.c.obj
                0x0000000000000020                _region_min_align = 0x20

.rel.plt        0x0000000000000000        0x0
 *(SORT_BY_ALIGNMENT(.rel.plt))
                [!provide]                        PROVIDE (__rel_iplt_start = .)
 *(SORT_BY_ALIGNMENT(.rel.iplt))
 .rel.iplt      0x0000000000000000        0x0 app/libapp.a(main.c.obj)
                [!provide]                        PROVIDE (__rel_iplt_end = .)

.rela.plt       0x0000000000000000        0x0
 *(SORT_BY_ALIGNMENT(.rela.plt))
                [!provide]                        PROVIDE (__rela_iplt_start = .)
 *(SORT_BY_ALIGNMENT(.rela.iplt))
                [!provide]                        PROVIDE (__rela_iplt_end = .)

.rel.dyn
 *(SORT_BY_ALIGNMENT(.rel.*))

.rela.dyn
 *(SORT_BY_ALIGNMENT(.rela.*))

/DISCARD/
 *(SORT_BY_ALIGNMENT(.plt))

/DISCARD/
 *(SORT_BY_ALIGNMENT(.iplt))
                0x0000000000000000                __rom_region_start = 0x0

rom_start       0x0000000000000000       0xdc
                0x0000000000000000                . = 0x0
                0x0000000000000000                . = ALIGN (0x4)
                0x0000000000000000                . = ALIGN (0x80)
                0x0000000000000000                . = ALIGN (0x100)
                0x0000000000000000                _vector_start = .
 *(SORT_BY_ALIGNMENT(.exc_vector_table))
 *(SORT_BY_ALIGNMENT(.exc_vector_table.*))
 .exc_vector_table._vector_table_section
                0x0000000000000000       0x40 zephyr/arch/arch/arm/core/aarch32/cortex_m/libarch__arm__core__aarch32__cortex_m.a(vector_table.S.obj)
                0x0000000000000000                _vector_table
 *(SORT_BY_ALIGNMENT(.vectors))
                0x00000000000000dc                _vector_end = .
                0x0000000000000040                . = ALIGN (0x4)
 *(SORT_BY_ALIGNMENT(.gnu.linkonce.irq_vector_table*))
 .gnu.linkonce.irq_vector_table
                0x0000000000000040       0x9c zephyr/arch/common/libisr_tables.a(isr_tables.c.obj)
                0x0000000000000040                _irq_vector_table
                0x00000000000000dc                _vector_end = .

text            0x00000000000000e0     0x8c78
                0x00000000000000e0                __text_region_start = .
 *(SORT_BY_ALIGNMENT(.text))
 .text          0x00000000000000e0       0xa0 /opt/nordic/ncs/toolchains/4ef6631da0/opt/zephyr-sdk/arm-zephyr-eabi/arm-zephyr-eabi/lib/thumb/v7e-m/nofp/libc_nano.a(lib_a-memchr.o)
                0x00000000000000e0                memchr
 .text          0x0000000000000180       0x30 /opt/nordic/ncs/toolchains/4ef6631da0/opt/zephyr-sdk/arm-zephyr-eabi/bin/../lib/gcc/arm-zephyr-eabi/12.2.0/thumb/v7e-m/nofp/libgcc.a(_aeabi_uldivmod.o)
                0x0000000000000180                __aeabi_uldivmod
 .text          0x00000000000001b0        0x4 /opt/nordic/ncs/toolchains/4ef6631da0/opt/zephyr-sdk/arm-zephyr-eabi/bin/../lib/gcc/arm-zephyr-eabi/12.2.0/thumb/v7e-m/nofp/libgcc.a(_dvmd_tls.o)
                0x00000000000001b0                __aeabi_ldiv0
                0x00000000000001b0                __aeabi_idiv0
 .text          0x00000000000001b4      0x2a0 /opt/nordic/ncs/toolchains/4ef6631da0/opt/zephyr-sdk/arm-zephyr-eabi/bin/../lib/gcc/arm-zephyr-eabi/12.2.0/thumb/v7e-m/nofp/libgcc.a(_udivmoddi4.o)
                0x00000000000001b4                __udivmoddi4
 .text          0x0000000000000454       0x14 /opt/nordic/ncs/toolchains/4ef6631da0/opt/zephyr-sdk/arm-zephyr-eabi/arm-zephyr-eabi/lib/thumb/v7e-m/nofp/libc_nano.a(lib_a-strcmp.o)
                0x0000000000000454                strcmp
 .text          0x0000000000000468       0x10 /opt/nordic/ncs/toolchains/4ef6631da0/opt/zephyr-sdk/arm-zephyr-eabi/arm-zephyr-eabi/lib/thumb/v7e-m/nofp/libc_nano.a(lib_a-strlen.o)
                0x0000000000000468                strlen
 *(SORT_BY_ALIGNMENT(.text.*))
 .text.pwm_set  0x0000000000000478       0x9c app/libapp.a(main.c.obj)
 .text.button1_pressed
                0x0000000000000514       0x1c app/libapp.a(main.c.obj)
                0x0000000000000514                button1_pressed
 .text.button2_pressed
                0x0000000000000530       0x1c app/libapp.a(main.c.obj)
                0x0000000000000530                button2_pressed
 .text.interrupt_and_gpio_init
                0x000000000000054c       0xac app/libapp.a(main.c.obj)
                0x000000000000054c                interrupt_and_gpio_init
 .text.pwm_init
                0x00000000000005f8       0x48 app/libapp.a(main.c.obj)
                0x00000000000005f8                pwm_init
 .text.adc_init
                0x0000000000000640       0x70 app/libapp.a(main.c.obj)
                0x0000000000000640                adc_init
 .text.read_adc
                0x00000000000006b0       0xbc app/libapp.a(main.c.obj)
                0x00000000000006b0                read_adc
 .text.command_interpreter
                0x000000000000076c      0x268 app/libapp.a(main.c.obj)
                0x000000000000076c                command_interpreter
 .text.main     0x00000000000009d4       0x28 app/libapp.a(main.c.obj)
                0x00000000000009d4                main
 .text.char_out
                0x00000000000009fc       0x10 zephyr/libzephyr.a(printk.c.obj)
 .text.__printk_hook_install
                0x0000000000000a0c        0xc zephyr/libzephyr.a(printk.c.obj)
                0x0000000000000a0c                __printk_hook_install
 .text.vprintk  0x0000000000000a18       0x1c zephyr/libzephyr.a(printk.c.obj)
                0x0000000000000a18                vprintk
 .text.process_event
                0x0000000000000a34      0x16c zephyr/libzephyr.a(onoff.c.obj)
 .text.extract_decimal
                0x0000000000000ba0       0x2c zephyr/libzephyr.a(cbprintf_complete.c.obj)
 .text.extract_flags
                0x0000000000000bcc       0xc4 zephyr/libzephyr.a(cbprintf_complete.c.obj)
 .text.encode_uint
                0x0000000000000c90       0xac zephyr/libzephyr.a(cbprintf_complete.c.obj)
 .text.z_cbvprintf_impl
                0x0000000000000d3c      0x598 zephyr/libzephyr.a(cbprintf_complete.c.obj)
                0x0000000000000d3c                z_cbvprintf_impl
 .text.z_arm_platform_init
                0x00000000000012d4        0x4 zephyr/libzephyr.a(soc_nrf_common.S.obj)
                0x00000000000012d4                z_arm_platform_init
 .text.pm_state_notify
                0x00000000000012d8       0x5c zephyr/libzephyr.a(pm.c.obj)
 .text.pm_exit_pos_ops
                0x0000000000001334       0x20 zephyr/libzephyr.a(pm.c.obj)
 .text.pm_system_resume
                0x0000000000001354       0x48 zephyr/libzephyr.a(pm.c.obj)
                0x0000000000001354                pm_system_resume
 .text.pm_system_suspend
                0x000000000000139c      0x104 zephyr/libzephyr.a(pm.c.obj)
                0x000000000000139c                pm_system_suspend
 .text.pm_policy_next_state
                0x00000000000014a0       0x98 zephyr/libzephyr.a(policy.c.obj)
                0x00000000000014a0                pm_policy_next_state
 .text.pm_state_cpu_get_all
                0x0000000000001538       0x10 zephyr/libzephyr.a(state.c.obj)
                0x0000000000001538                pm_state_cpu_get_all
 .text.console_getline
                0x0000000000001548       0x30 zephyr/libzephyr.a(getline.c.obj)
                0x0000000000001548                console_getline
 .text.console_getline_init
                0x0000000000001578       0x34 zephyr/libzephyr.a(getline.c.obj)
                0x0000000000001578                console_getline_init
 .text.z_arm_cpu_idle_init
                0x00000000000015ac        0xc zephyr/arch/arch/arm/core/aarch32/libarch__arm__core__aarch32.a(cpu_idle.S.obj)
                0x00000000000015ac                z_arm_cpu_idle_init
 .text.arch_cpu_idle
                0x00000000000015b8       0x1c zephyr/arch/arch/arm/core/aarch32/libarch__arm__core__aarch32.a(cpu_idle.S.obj)
                0x00000000000015b8                arch_cpu_idle
 .text.arch_cpu_atomic_idle
                0x00000000000015d4       0x18 zephyr/arch/arch/arm/core/aarch32/libarch__arm__core__aarch32.a(cpu_idle.S.obj)
                0x00000000000015d4                arch_cpu_atomic_idle
 .text.__NVIC_EnableIRQ
                0x00000000000015ec       0x1c zephyr/arch/arch/arm/core/aarch32/libarch__arm__core__aarch32.a(irq_manage.c.obj)
 .text.__NVIC_SetPriority
                0x0000000000001608       0x28 zephyr/arch/arch/arm/core/aarch32/libarch__arm__core__aarch32.a(irq_manage.c.obj)
 .text.arch_irq_is_enabled
                0x0000000000001630       0x1c zephyr/arch/arch/arm/core/aarch32/libarch__arm__core__aarch32.a(irq_manage.c.obj)
                0x0000000000001630                arch_irq_is_enabled
 .text.z_SysNmiOnReset
                0x000000000000164c        0x8 zephyr/arch/arch/arm/core/aarch32/libarch__arm__core__aarch32.a(nmi_on_reset.S.obj)
                0x000000000000164c                z_SysNmiOnReset
 .text.z_arm_prep_c
                0x0000000000001654       0x38 zephyr/arch/arch/arm/core/aarch32/libarch__arm__core__aarch32.a(prep_c.c.obj)
                0x0000000000001654                z_arm_prep_c
 .text.arch_swap
                0x000000000000168c       0x38 zephyr/arch/arch/arm/core/aarch32/libarch__arm__core__aarch32.a(swap.c.obj)
                0x000000000000168c                arch_swap
 .text.z_arm_pendsv
                0x00000000000016c4       0x58 zephyr/arch/arch/arm/core/aarch32/libarch__arm__core__aarch32.a(swap_helper.S.obj)
                0x00000000000016c4                z_arm_pendsv
 .text.z_arm_svc
                0x000000000000171c       0x20 zephyr/arch/arch/arm/core/aarch32/libarch__arm__core__aarch32.a(swap_helper.S.obj)
                0x000000000000171c                z_arm_svc
 .text.arch_new_thread
                0x000000000000173c       0x44 zephyr/arch/arch/arm/core/aarch32/libarch__arm__core__aarch32.a(thread.c.obj)
                0x000000000000173c                arch_new_thread
 .text.z_check_thread_stack_fail
                0x0000000000001780       0x48 zephyr/arch/arch/arm/core/aarch32/libarch__arm__core__aarch32.a(thread.c.obj)
                0x0000000000001780                z_check_thread_stack_fail
 .text.arch_switch_to_main_thread
                0x00000000000017c8       0x2c zephyr/arch/arch/arm/core/aarch32/libarch__arm__core__aarch32.a(thread.c.obj)
                0x00000000000017c8                arch_switch_to_main_thread
 .text._isr_wrapper
                0x00000000000017f4       0x40 zephyr/arch/arch/arm/core/aarch32/libarch__arm__core__aarch32.a(isr_wrapper.S.obj)
                0x00000000000017f4                _isr_wrapper
 .text._HandlerModeExit
                0x0000000000001834       0x1c zephyr/arch/arch/arm/core/aarch32/cortex_m/libarch__arm__core__aarch32__cortex_m.a(exc_exit.S.obj)
                0x0000000000001834                z_arm_exc_exit
                0x0000000000001834                z_arm_int_exit
 .text.bus_fault
                0x0000000000001850       0x8c zephyr/arch/arch/arm/core/aarch32/cortex_m/libarch__arm__core__aarch32__cortex_m.a(fault.c.obj)
 .text.usage_fault
                0x00000000000018dc       0x64 zephyr/arch/arch/arm/core/aarch32/cortex_m/libarch__arm__core__aarch32__cortex_m.a(fault.c.obj)
 .text.z_arm_is_synchronous_svc
                0x0000000000001940       0x3c zephyr/arch/arch/arm/core/aarch32/cortex_m/libarch__arm__core__aarch32__cortex_m.a(fault.c.obj)
 .text.mem_manage_fault
                0x000000000000197c       0xd4 zephyr/arch/arch/arm/core/aarch32/cortex_m/libarch__arm__core__aarch32__cortex_m.a(fault.c.obj)
 .text.hard_fault
                0x0000000000001a50       0x78 zephyr/arch/arch/arm/core/aarch32/cortex_m/libarch__arm__core__aarch32__cortex_m.a(fault.c.obj)
 .text.z_arm_fault
                0x0000000000001ac8       0xa4 zephyr/arch/arch/arm/core/aarch32/cortex_m/libarch__arm__core__aarch32__cortex_m.a(fault.c.obj)
                0x0000000000001ac8                z_arm_fault
 .text.z_arm_fault_init
                0x0000000000001b6c       0x10 zephyr/arch/arch/arm/core/aarch32/cortex_m/libarch__arm__core__aarch32__cortex_m.a(fault.c.obj)
                0x0000000000001b6c                z_arm_fault_init
 .text.__fault  0x0000000000001b7c       0x14 zephyr/arch/arch/arm/core/aarch32/cortex_m/libarch__arm__core__aarch32__cortex_m.a(fault_s.S.obj)
                0x0000000000001b7c                z_arm_bus_fault
                0x0000000000001b7c                z_arm_usage_fault
                0x0000000000001b7c                z_arm_mpu_fault
                0x0000000000001b7c                z_arm_exc_spurious
                0x0000000000001b7c                z_arm_debug_monitor
                0x0000000000001b7c                z_arm_hard_fault
 .text.z_arm_interrupt_init
                0x0000000000001b90       0x34 zephyr/arch/arch/arm/core/aarch32/cortex_m/libarch__arm__core__aarch32__cortex_m.a(irq_init.c.obj)
                0x0000000000001b90                z_arm_interrupt_init
 .text._reset_section
                0x0000000000001bc4       0x60 zephyr/arch/arch/arm/core/aarch32/cortex_m/libarch__arm__core__aarch32__cortex_m.a(reset.S.obj)
                0x0000000000001bc4                z_arm_reset
                0x0000000000001bc4                __start
 .text.z_arm_clear_arm_mpu_config
                0x0000000000001c24       0x28 zephyr/arch/arch/arm/core/aarch32/cortex_m/libarch__arm__core__aarch32__cortex_m.a(scb.c.obj)
                0x0000000000001c24                z_arm_clear_arm_mpu_config
 .text.z_arm_init_arch_hw_at_boot
                0x0000000000001c4c       0x54 zephyr/arch/arch/arm/core/aarch32/cortex_m/libarch__arm__core__aarch32__cortex_m.a(scb.c.obj)
                0x0000000000001c4c                z_arm_init_arch_hw_at_boot
 .text.z_impl_k_thread_abort
                0x0000000000001ca0       0x34 zephyr/arch/arch/arm/core/aarch32/cortex_m/libarch__arm__core__aarch32__cortex_m.a(thread_abort.c.obj)
                0x0000000000001ca0                z_impl_k_thread_abort
 .text.z_arm_configure_static_mpu_regions
                0x0000000000001cd4       0x1c zephyr/arch/arch/arm/core/aarch32/mpu/libarch__arm__core__aarch32__mpu.a(arm_core_mpu.c.obj)
                0x0000000000001cd4                z_arm_configure_static_mpu_regions
 .text.z_arm_configure_dynamic_mpu_regions
                0x0000000000001cf0       0x24 zephyr/arch/arch/arm/core/aarch32/mpu/libarch__arm__core__aarch32__mpu.a(arm_core_mpu.c.obj)
                0x0000000000001cf0                z_arm_configure_dynamic_mpu_regions
 .text.region_init
                0x0000000000001d14       0x28 zephyr/arch/arch/arm/core/aarch32/mpu/libarch__arm__core__aarch32__mpu.a(arm_mpu.c.obj)
 .text.mpu_configure_static_mpu_regions
                0x0000000000001d3c       0x14 zephyr/arch/arch/arm/core/aarch32/mpu/libarch__arm__core__aarch32__mpu.a(arm_mpu.c.obj)
 .text.mpu_configure_dynamic_mpu_regions
                0x0000000000001d50       0x34 zephyr/arch/arch/arm/core/aarch32/mpu/libarch__arm__core__aarch32__mpu.a(arm_mpu.c.obj)
 .text.arm_core_mpu_enable
                0x0000000000001d84       0x18 zephyr/arch/arch/arm/core/aarch32/mpu/libarch__arm__core__aarch32__mpu.a(arm_mpu.c.obj)
                0x0000000000001d84                arm_core_mpu_enable
 .text.arm_core_mpu_disable
                0x0000000000001d9c       0x14 zephyr/arch/arch/arm/core/aarch32/mpu/libarch__arm__core__aarch32__mpu.a(arm_mpu.c.obj)
                0x0000000000001d9c                arm_core_mpu_disable
 .text.z_arm_mpu_init
                0x0000000000001db0       0x44 zephyr/arch/arch/arm/core/aarch32/mpu/libarch__arm__core__aarch32__mpu.a(arm_mpu.c.obj)
                0x0000000000001db0                z_arm_mpu_init
 .text.__stdout_hook_install
                0x0000000000001df4        0xc zephyr/lib/libc/newlib/liblib__libc__newlib.a(libc-hooks.c.obj)
                0x0000000000001df4                __stdout_hook_install
 .text._sbrk    0x0000000000001e00       0x2c zephyr/lib/libc/newlib/liblib__libc__newlib.a(libc-hooks.c.obj)
                0x0000000000001e00                _sbrk
                0x0000000000001e00                sbrk
 .text.__NVIC_SystemReset
                0x0000000000001e2c       0x24 zephyr/soc/arm/nordic_nrf/nrf52/libsoc__arm__nordic_nrf__nrf52.a(soc.c.obj)
 .text.nordicsemi_nrf52_init
                0x0000000000001e50       0x30 zephyr/soc/arm/nordic_nrf/nrf52/libsoc__arm__nordic_nrf__nrf52.a(soc.c.obj)
 .text.arch_busy_wait
                0x0000000000001e80       0x18 zephyr/soc/arm/nordic_nrf/nrf52/libsoc__arm__nordic_nrf__nrf52.a(soc.c.obj)
                0x0000000000001e80                arch_busy_wait
 .text.adc_nrfx_channel_setup
                0x0000000000001e98      0x14c zephyr/drivers/adc/libdrivers__adc.a(adc_nrfx_saadc.c.obj)
 .text.adc_context_start_sampling
                0x0000000000001fe4       0x24 zephyr/drivers/adc/libdrivers__adc.a(adc_nrfx_saadc.c.obj)
 .text.adc_context_update_buffer_pointer
                0x0000000000002008       0x1c zephyr/drivers/adc/libdrivers__adc.a(adc_nrfx_saadc.c.obj)
 .text.set_resolution
                0x0000000000002024       0x38 zephyr/drivers/adc/libdrivers__adc.a(adc_nrfx_saadc.c.obj)
 .text.set_oversampling
                0x000000000000205c       0x38 zephyr/drivers/adc/libdrivers__adc.a(adc_nrfx_saadc.c.obj)
 .text.adc_context_enable_timer
                0x0000000000002094       0x3c zephyr/drivers/adc/libdrivers__adc.a(adc_nrfx_saadc.c.obj)
 .text.start_read
                0x00000000000020d0       0xcc zephyr/drivers/adc/libdrivers__adc.a(adc_nrfx_saadc.c.obj)
 .text.adc_nrfx_read
                0x000000000000219c       0x2c zephyr/drivers/adc/libdrivers__adc.a(adc_nrfx_saadc.c.obj)
 .text.init_saadc
                0x00000000000021c8       0x40 zephyr/drivers/adc/libdrivers__adc.a(adc_nrfx_saadc.c.obj)
 .text.saadc_irq_handler
                0x0000000000002208       0x50 zephyr/drivers/adc/libdrivers__adc.a(adc_nrfx_saadc.c.obj)
 .text.get_hf_flags
                0x0000000000002258        0x8 zephyr/drivers/clock_control/libdrivers__clock_control.a(clock_control_nrf.c.obj)
 .text.get_subsys
                0x0000000000002260       0x18 zephyr/drivers/clock_control/libdrivers__clock_control.a(clock_control_nrf.c.obj)
 .text.onoff_stop
                0x0000000000002278       0x20 zephyr/drivers/clock_control/libdrivers__clock_control.a(clock_control_nrf.c.obj)
 .text.onoff_start
                0x0000000000002298       0x34 zephyr/drivers/clock_control/libdrivers__clock_control.a(clock_control_nrf.c.obj)
 .text.clock_event_handler
                0x00000000000022cc       0x34 zephyr/drivers/clock_control/libdrivers__clock_control.a(clock_control_nrf.c.obj)
 .text.generic_hfclk_start
                0x0000000000002300       0x70 zephyr/drivers/clock_control/libdrivers__clock_control.a(clock_control_nrf.c.obj)
 .text.generic_hfclk_stop
                0x0000000000002370       0x38 zephyr/drivers/clock_control/libdrivers__clock_control.a(clock_control_nrf.c.obj)
 .text.lfclk_spinwait
                0x00000000000023a8       0xcc zephyr/drivers/clock_control/libdrivers__clock_control.a(clock_control_nrf.c.obj)
 .text.api_blocking_start
                0x0000000000002474       0x38 zephyr/drivers/clock_control/libdrivers__clock_control.a(clock_control_nrf.c.obj)
 .text.anomaly_132_workaround
                0x00000000000024ac       0x20 zephyr/drivers/clock_control/libdrivers__clock_control.a(clock_control_nrf.c.obj)
 .text.clk_init
                0x00000000000024cc       0x60 zephyr/drivers/clock_control/libdrivers__clock_control.a(clock_control_nrf.c.obj)
 .text.z_nrf_clock_control_lf_on
                0x000000000000252c       0x54 zephyr/drivers/clock_control/libdrivers__clock_control.a(clock_control_nrf.c.obj)
                0x000000000000252c                z_nrf_clock_control_lf_on
 .text.console_out
                0x0000000000002580       0x28 zephyr/drivers/console/libdrivers__console.a(uart_console.c.obj)
 .text.console_input_init
                0x00000000000025a8       0x50 zephyr/drivers/console/libdrivers__console.a(uart_console.c.obj)
 .text.del_char
                0x00000000000025f8       0x68 zephyr/drivers/console/libdrivers__console.a(uart_console.c.obj)
 .text.insert_char
                0x0000000000002660       0x58 zephyr/drivers/console/libdrivers__console.a(uart_console.c.obj)
 .text.handle_ansi
                0x00000000000026b8      0x214 zephyr/drivers/console/libdrivers__console.a(uart_console.c.obj)
 .text.uart_console_isr
                0x00000000000028cc      0x218 zephyr/drivers/console/libdrivers__console.a(uart_console.c.obj)
 .text.uart_console_hook_install
                0x0000000000002ae4       0x18 zephyr/drivers/console/libdrivers__console.a(uart_console.c.obj)
 .text.uart_console_init
                0x0000000000002afc       0x1c zephyr/drivers/console/libdrivers__console.a(uart_console.c.obj)
 .text.uart_register_input
                0x0000000000002b18       0x20 zephyr/drivers/console/libdrivers__console.a(uart_console.c.obj)
                0x0000000000002b18                uart_register_input
 .text.get_dev  0x0000000000002b38       0x10 zephyr/drivers/gpio/libdrivers__gpio.a(gpio_nrfx.c.obj)
 .text.gpio_nrfx_pin_interrupt_configure
                0x0000000000002b48       0xbc zephyr/drivers/gpio/libdrivers__gpio.a(gpio_nrfx.c.obj)
 .text.gpio_nrfx_pin_configure
                0x0000000000002c04      0x110 zephyr/drivers/gpio/libdrivers__gpio.a(gpio_nrfx.c.obj)
 .text.gpio_nrfx_init
                0x0000000000002d14       0x3c zephyr/drivers/gpio/libdrivers__gpio.a(gpio_nrfx.c.obj)
 .text.pinctrl_configure_pins
                0x0000000000002d50      0x17c zephyr/drivers/pinctrl/libdrivers__pinctrl.a(pinctrl_nrf.c.obj)
                0x0000000000002d50                pinctrl_configure_pins
 .text.pwm_nrfx_get_cycles_per_sec
                0x0000000000002ecc       0x10 zephyr/drivers/pwm/libdrivers__pwm.a(pwm_nrfx.c.obj)
 .text.pwm_nrfx_init
                0x0000000000002edc       0x94 zephyr/drivers/pwm/libdrivers__pwm.a(pwm_nrfx.c.obj)
 .text.baudrate_set
                0x0000000000002f70      0x150 zephyr/drivers/serial/libdrivers__serial.a(uart_nrfx_uarte.c.obj)
 .text.uarte_nrfx_poll_out
                0x00000000000030c0       0x5c zephyr/drivers/serial/libdrivers__serial.a(uart_nrfx_uarte.c.obj)
 .text.endtx_stoptx_ppi_init
                0x000000000000311c       0x48 zephyr/drivers/serial/libdrivers__serial.a(uart_nrfx_uarte.c.obj)
 .text.set_comparator
                0x0000000000003164       0x14 zephyr/drivers/timer/libdrivers__timer.a(nrf_rtc_timer.c.obj)
 .text.event_enable
                0x0000000000003178       0x14 zephyr/drivers/timer/libdrivers__timer.a(nrf_rtc_timer.c.obj)
 .text.event_disable
                0x000000000000318c       0x14 zephyr/drivers/timer/libdrivers__timer.a(nrf_rtc_timer.c.obj)
 .text.counter  0x00000000000031a0        0xc zephyr/drivers/timer/libdrivers__timer.a(nrf_rtc_timer.c.obj)
 .text.set_alarm
                0x00000000000031ac       0x6c zephyr/drivers/timer/libdrivers__timer.a(nrf_rtc_timer.c.obj)
 .text.int_event_disable_rtc
                0x0000000000003218       0x18 zephyr/drivers/timer/libdrivers__timer.a(nrf_rtc_timer.c.obj)
 .text.compare_int_lock
                0x0000000000003230       0x4c zephyr/drivers/timer/libdrivers__timer.a(nrf_rtc_timer.c.obj)
 .text.channel_processing_check_and_clear
                0x000000000000327c       0x60 zephyr/drivers/timer/libdrivers__timer.a(nrf_rtc_timer.c.obj)
 .text.compare_int_unlock
                0x00000000000032dc       0x60 zephyr/drivers/timer/libdrivers__timer.a(nrf_rtc_timer.c.obj)
 .text.sys_clock_timeout_handler
                0x000000000000333c       0x50 zephyr/drivers/timer/libdrivers__timer.a(nrf_rtc_timer.c.obj)
 .text.z_nrf_rtc_timer_read
                0x000000000000338c       0x40 zephyr/drivers/timer/libdrivers__timer.a(nrf_rtc_timer.c.obj)
                0x000000000000338c                z_nrf_rtc_timer_read
 .text.compare_set_nolocks
                0x00000000000033cc       0x90 zephyr/drivers/timer/libdrivers__timer.a(nrf_rtc_timer.c.obj)
 .text.sys_clock_driver_init
                0x000000000000345c       0x98 zephyr/drivers/timer/libdrivers__timer.a(nrf_rtc_timer.c.obj)
 .text.process_channel
                0x00000000000034f4       0x7c zephyr/drivers/timer/libdrivers__timer.a(nrf_rtc_timer.c.obj)
 .text.rtc_nrf_isr
                0x0000000000003570       0x44 zephyr/drivers/timer/libdrivers__timer.a(nrf_rtc_timer.c.obj)
                0x0000000000003570                rtc_nrf_isr
 .text.sys_clock_set_timeout
                0x00000000000035b4       0x78 zephyr/drivers/timer/libdrivers__timer.a(nrf_rtc_timer.c.obj)
                0x00000000000035b4                sys_clock_set_timeout
 .text.sys_clock_elapsed
                0x000000000000362c       0x14 zephyr/drivers/timer/libdrivers__timer.a(nrf_rtc_timer.c.obj)
                0x000000000000362c                sys_clock_elapsed
 .text.__NVIC_SystemReset
                0x0000000000003640       0x24 modules/hal_nordic/nrfx/libmodules__hal_nordic__nrfx.a(system_nrf52.c.obj)
 .text.nvmc_wait
                0x0000000000003664       0x10 modules/hal_nordic/nrfx/libmodules__hal_nordic__nrfx.a(system_nrf52.c.obj)
                0x0000000000003664                nvmc_wait
 .text.nvmc_config
                0x0000000000003674       0x14 modules/hal_nordic/nrfx/libmodules__hal_nordic__nrfx.a(system_nrf52.c.obj)
                0x0000000000003674                nvmc_config
 .text.SystemInit
                0x0000000000003688      0x1e0 modules/hal_nordic/nrfx/libmodules__hal_nordic__nrfx.a(system_nrf52.c.obj)
                0x0000000000003688                SystemInit
 .text.nrfx_flag32_alloc
                0x0000000000003868       0x50 modules/hal_nordic/nrfx/libmodules__hal_nordic__nrfx.a(nrfx_flag32_allocator.c.obj)
                0x0000000000003868                nrfx_flag32_alloc
 .text.nrfx_flag32_free
                0x00000000000038b8       0x44 modules/hal_nordic/nrfx/libmodules__hal_nordic__nrfx.a(nrfx_flag32_allocator.c.obj)
                0x00000000000038b8                nrfx_flag32_free
 .text.nrfx_clock_anomaly_132
                0x00000000000038fc       0x40 modules/hal_nordic/nrfx/libmodules__hal_nordic__nrfx.a(nrfx_clock.c.obj)
 .text.clock_stop
                0x000000000000393c       0x8c modules/hal_nordic/nrfx/libmodules__hal_nordic__nrfx.a(nrfx_clock.c.obj)
 .text.nrfx_clock_init
                0x00000000000039c8       0x28 modules/hal_nordic/nrfx/libmodules__hal_nordic__nrfx.a(nrfx_clock.c.obj)
                0x00000000000039c8                nrfx_clock_init
 .text.nrfx_power_clock_irq_handler
                0x00000000000039f0       0x7c modules/hal_nordic/nrfx/libmodules__hal_nordic__nrfx.a(nrfx_clock.c.obj)
                0x00000000000039f0                nrfx_power_clock_irq_handler
 .text.pin_in_use
                0x0000000000003a6c       0x14 modules/hal_nordic/nrfx/libmodules__hal_nordic__nrfx.a(nrfx_gpiote.c.obj)
 .text.pin_in_use_by_te
                0x0000000000003a80       0x14 modules/hal_nordic/nrfx/libmodules__hal_nordic__nrfx.a(nrfx_gpiote.c.obj)
 .text.pin_has_trigger
                0x0000000000003a94       0x18 modules/hal_nordic/nrfx/libmodules__hal_nordic__nrfx.a(nrfx_gpiote.c.obj)
 .text.pin_is_output
                0x0000000000003aac       0x14 modules/hal_nordic/nrfx/libmodules__hal_nordic__nrfx.a(nrfx_gpiote.c.obj)
 .text.pin_te_get
                0x0000000000003ac0       0x10 modules/hal_nordic/nrfx/libmodules__hal_nordic__nrfx.a(nrfx_gpiote.c.obj)
 .text.handler_in_use
                0x0000000000003ad0       0x34 modules/hal_nordic/nrfx/libmodules__hal_nordic__nrfx.a(nrfx_gpiote.c.obj)
 .text.find_handler
                0x0000000000003b04       0x2c modules/hal_nordic/nrfx/libmodules__hal_nordic__nrfx.a(nrfx_gpiote.c.obj)
 .text.get_initial_sense
                0x0000000000003b30       0x40 modules/hal_nordic/nrfx/libmodules__hal_nordic__nrfx.a(nrfx_gpiote.c.obj)
 .text.channel_handler_get
                0x0000000000003b70       0x20 modules/hal_nordic/nrfx/libmodules__hal_nordic__nrfx.a(nrfx_gpiote.c.obj)
 .text.call_handler
                0x0000000000003b90       0x2c modules/hal_nordic/nrfx/libmodules__hal_nordic__nrfx.a(nrfx_gpiote.c.obj)
 .text.release_handler
                0x0000000000003bbc       0x44 modules/hal_nordic/nrfx/libmodules__hal_nordic__nrfx.a(nrfx_gpiote.c.obj)
 .text.pin_handler_trigger_uninit
                0x0000000000003c00       0x38 modules/hal_nordic/nrfx/libmodules__hal_nordic__nrfx.a(nrfx_gpiote.c.obj)
 .text.pin_handler_set
                0x0000000000003c38       0x6c modules/hal_nordic/nrfx/libmodules__hal_nordic__nrfx.a(nrfx_gpiote.c.obj)
 .text.port_event_handle
                0x0000000000003ca4       0xa8 modules/hal_nordic/nrfx/libmodules__hal_nordic__nrfx.a(nrfx_gpiote.c.obj)
 .text.gpiote_evt_handle
                0x0000000000003d4c       0x44 modules/hal_nordic/nrfx/libmodules__hal_nordic__nrfx.a(nrfx_gpiote.c.obj)
 .text.nrfx_gpiote_input_configure
                0x0000000000003d90      0x128 modules/hal_nordic/nrfx/libmodules__hal_nordic__nrfx.a(nrfx_gpiote.c.obj)
                0x0000000000003d90                nrfx_gpiote_input_configure
 .text.nrfx_gpiote_output_configure
                0x0000000000003eb8       0xd4 modules/hal_nordic/nrfx/libmodules__hal_nordic__nrfx.a(nrfx_gpiote.c.obj)
                0x0000000000003eb8                nrfx_gpiote_output_configure
 .text.nrfx_gpiote_global_callback_set
                0x0000000000003f8c        0xc modules/hal_nordic/nrfx/libmodules__hal_nordic__nrfx.a(nrfx_gpiote.c.obj)
                0x0000000000003f8c                nrfx_gpiote_global_callback_set
 .text.nrfx_gpiote_channel_get
                0x0000000000003f98       0x30 modules/hal_nordic/nrfx/libmodules__hal_nordic__nrfx.a(nrfx_gpiote.c.obj)
                0x0000000000003f98                nrfx_gpiote_channel_get
 .text.nrfx_gpiote_init
                0x0000000000003fc8       0x54 modules/hal_nordic/nrfx/libmodules__hal_nordic__nrfx.a(nrfx_gpiote.c.obj)
                0x0000000000003fc8                nrfx_gpiote_init
 .text.nrfx_gpiote_is_init
                0x000000000000401c       0x14 modules/hal_nordic/nrfx/libmodules__hal_nordic__nrfx.a(nrfx_gpiote.c.obj)
                0x000000000000401c                nrfx_gpiote_is_init
 .text.nrfx_gpiote_channel_free
                0x0000000000004030       0x10 modules/hal_nordic/nrfx/libmodules__hal_nordic__nrfx.a(nrfx_gpiote.c.obj)
                0x0000000000004030                nrfx_gpiote_channel_free
 .text.nrfx_gpiote_channel_alloc
                0x0000000000004040       0x10 modules/hal_nordic/nrfx/libmodules__hal_nordic__nrfx.a(nrfx_gpiote.c.obj)
                0x0000000000004040                nrfx_gpiote_channel_alloc
 .text.nrfx_gpiote_trigger_enable
                0x0000000000004050       0x78 modules/hal_nordic/nrfx/libmodules__hal_nordic__nrfx.a(nrfx_gpiote.c.obj)
                0x0000000000004050                nrfx_gpiote_trigger_enable
 .text.nrfx_gpiote_trigger_disable
                0x00000000000040c8       0x54 modules/hal_nordic/nrfx/libmodules__hal_nordic__nrfx.a(nrfx_gpiote.c.obj)
                0x00000000000040c8                nrfx_gpiote_trigger_disable
 .text.nrfx_gpiote_pin_uninit
                0x000000000000411c       0x38 modules/hal_nordic/nrfx/libmodules__hal_nordic__nrfx.a(nrfx_gpiote.c.obj)
                0x000000000000411c                nrfx_gpiote_pin_uninit
 .text.nrfx_gpiote_irq_handler
                0x0000000000004154       0x60 modules/hal_nordic/nrfx/libmodules__hal_nordic__nrfx.a(nrfx_gpiote.c.obj)
                0x0000000000004154                nrfx_gpiote_irq_handler
 .text.nrfx_ppi_channel_alloc
                0x00000000000041b4       0x10 modules/hal_nordic/nrfx/libmodules__hal_nordic__nrfx.a(nrfx_ppi.c.obj)
                0x00000000000041b4                nrfx_ppi_channel_alloc
 .text.nrfx_pwm_init
                0x00000000000041c4       0xc8 modules/hal_nordic/nrfx/libmodules__hal_nordic__nrfx.a(nrfx_pwm.c.obj)
                0x00000000000041c4                nrfx_pwm_init
 .text.nrfx_pwm_simple_playback
                0x000000000000428c       0x94 modules/hal_nordic/nrfx/libmodules__hal_nordic__nrfx.a(nrfx_pwm.c.obj)
                0x000000000000428c                nrfx_pwm_simple_playback
 .text.nrfx_pwm_is_stopped
                0x0000000000004320       0x38 modules/hal_nordic/nrfx/libmodules__hal_nordic__nrfx.a(nrfx_pwm.c.obj)
                0x0000000000004320                nrfx_pwm_is_stopped
 .text._DoInit  0x0000000000004358       0x70 modules/segger/libmodules__segger.a(SEGGER_RTT.c.obj)
 .text.z_device_state_init
                0x00000000000043c8       0x18 zephyr/kernel/libkernel.a(device.c.obj)
                0x00000000000043c8                z_device_state_init
 .text.z_impl_z_errno
                0x00000000000043e0        0xc zephyr/kernel/libkernel.a(errno.c.obj)
                0x00000000000043e0                z_impl_z_errno
 .text.z_sys_init_run_level
                0x00000000000043ec       0x54 zephyr/kernel/libkernel.a(init.c.obj)
 .text.init_idle_thread
                0x0000000000004440       0x60 zephyr/kernel/libkernel.a(init.c.obj)
 .text.bg_thread_main
                0x00000000000044a0       0x34 zephyr/kernel/libkernel.a(init.c.obj)
 .text.switch_to_main_thread
                0x00000000000044d4       0x14 zephyr/kernel/libkernel.a(init.c.obj)
 .text.z_bss_zero
                0x00000000000044e8       0x18 zephyr/kernel/libkernel.a(init.c.obj)
                0x00000000000044e8                z_bss_zero
 .text.z_init_cpu
                0x0000000000004500       0x44 zephyr/kernel/libkernel.a(init.c.obj)
                0x0000000000004500                z_init_cpu
 .text.prepare_multithreading
                0x0000000000004544       0x60 zephyr/kernel/libkernel.a(init.c.obj)
 .text.z_cstart
                0x00000000000045a4       0x8c zephyr/kernel/libkernel.a(init.c.obj)
                0x00000000000045a4                z_cstart
 .text.z_thread_monitor_exit
                0x0000000000004630       0x40 zephyr/kernel/libkernel.a(thread.c.obj)
                0x0000000000004630                z_thread_monitor_exit
 .text.schedule_new_thread
                0x0000000000004670       0x1c zephyr/kernel/libkernel.a(thread.c.obj)
 .text.z_setup_new_thread
                0x000000000000468c       0xc8 zephyr/kernel/libkernel.a(thread.c.obj)
                0x000000000000468c                z_setup_new_thread
 .text.z_init_static_threads
                0x0000000000004754       0x94 zephyr/kernel/libkernel.a(thread.c.obj)
                0x0000000000004754                z_init_static_threads
 .text.idle     0x00000000000047e8       0x3c zephyr/kernel/libkernel.a(idle.c.obj)
                0x00000000000047e8                idle
 .text.z_impl_k_mutex_lock
                0x0000000000004824      0x108 zephyr/kernel/libkernel.a(mutex.c.obj)
                0x0000000000004824                z_impl_k_mutex_lock
 .text.z_impl_k_mutex_unlock
                0x000000000000492c       0x7c zephyr/kernel/libkernel.a(mutex.c.obj)
                0x000000000000492c                z_impl_k_mutex_unlock
 .text.z_impl_k_queue_get
                0x00000000000049a8       0x7c zephyr/kernel/libkernel.a(queue.c.obj)
                0x00000000000049a8                z_impl_k_queue_get
 .text.z_impl_k_sem_give
                0x0000000000004a24       0x48 zephyr/kernel/libkernel.a(sem.c.obj)
                0x0000000000004a24                z_impl_k_sem_give
 .text.z_impl_k_sem_take
                0x0000000000004a6c       0x50 zephyr/kernel/libkernel.a(sem.c.obj)
                0x0000000000004a6c                z_impl_k_sem_take
 .text.sliceable
                0x0000000000004abc       0x4c zephyr/kernel/libkernel.a(sched.c.obj)
 .text.slice_timeout
                0x0000000000004b08       0x20 zephyr/kernel/libkernel.a(sched.c.obj)
 .text.add_thread_timeout
                0x0000000000004b28       0x20 zephyr/kernel/libkernel.a(sched.c.obj)
 .text.z_reset_time_slice
                0x0000000000004b48       0x50 zephyr/kernel/libkernel.a(sched.c.obj)
                0x0000000000004b48                z_reset_time_slice
 .text.z_reschedule
                0x0000000000004b98       0x2c zephyr/kernel/libkernel.a(sched.c.obj)
                0x0000000000004b98                z_reschedule
 .text.k_sched_lock
                0x0000000000004bc4       0x34 zephyr/kernel/libkernel.a(sched.c.obj)
                0x0000000000004bc4                k_sched_lock
 .text.update_cache
                0x0000000000004bf8       0x50 zephyr/kernel/libkernel.a(sched.c.obj)
 .text.move_thread_to_end_of_prio_q
                0x0000000000004c48       0x8c zephyr/kernel/libkernel.a(sched.c.obj)
 .text.z_time_slice
                0x0000000000004cd4       0x74 zephyr/kernel/libkernel.a(sched.c.obj)
                0x0000000000004cd4                z_time_slice
 .text.ready_thread
                0x0000000000004d48       0x78 zephyr/kernel/libkernel.a(sched.c.obj)
 .text.z_sched_start
                0x0000000000004dc0       0x3c zephyr/kernel/libkernel.a(sched.c.obj)
                0x0000000000004dc0                z_sched_start
 .text.unready_thread
                0x0000000000004dfc       0x38 zephyr/kernel/libkernel.a(sched.c.obj)
 .text.z_pend_curr
                0x0000000000004e34       0x38 zephyr/kernel/libkernel.a(sched.c.obj)
                0x0000000000004e34                z_pend_curr
 .text.z_set_prio
                0x0000000000004e6c       0xbc zephyr/kernel/libkernel.a(sched.c.obj)
                0x0000000000004e6c                z_set_prio
 .text.z_impl_k_thread_suspend
                0x0000000000004f28       0x74 zephyr/kernel/libkernel.a(sched.c.obj)
                0x0000000000004f28                z_impl_k_thread_suspend
 .text.k_sched_unlock
                0x0000000000004f9c       0x40 zephyr/kernel/libkernel.a(sched.c.obj)
                0x0000000000004f9c                k_sched_unlock
 .text.end_thread
                0x0000000000004fdc       0x64 zephyr/kernel/libkernel.a(sched.c.obj)
 .text.z_sched_init
                0x0000000000005040       0x10 zephyr/kernel/libkernel.a(sched.c.obj)
                0x0000000000005040                z_sched_init
 .text.z_impl_k_yield
                0x0000000000005050       0x8c zephyr/kernel/libkernel.a(sched.c.obj)
                0x0000000000005050                z_impl_k_yield
 .text.z_tick_sleep
                0x00000000000050dc       0x98 zephyr/kernel/libkernel.a(sched.c.obj)
 .text.z_impl_k_sleep
                0x0000000000005174       0x54 zephyr/kernel/libkernel.a(sched.c.obj)
                0x0000000000005174                z_impl_k_sleep
 .text.z_impl_z_current_get
                0x00000000000051c8        0xc zephyr/kernel/libkernel.a(sched.c.obj)
                0x00000000000051c8                z_impl_z_current_get
 .text.z_thread_abort
                0x00000000000051d4       0x70 zephyr/kernel/libkernel.a(sched.c.obj)
                0x00000000000051d4                z_thread_abort
 .text.z_data_copy
                0x0000000000005244       0x34 zephyr/kernel/libkernel.a(xip.c.obj)
                0x0000000000005244                z_data_copy
 .text.first    0x0000000000005278       0x14 zephyr/kernel/libkernel.a(timeout.c.obj)
 .text.next     0x000000000000528c       0x18 zephyr/kernel/libkernel.a(timeout.c.obj)
 .text.elapsed  0x00000000000052a4       0x18 zephyr/kernel/libkernel.a(timeout.c.obj)
 .text.z_add_timeout
                0x00000000000052bc      0x100 zephyr/kernel/libkernel.a(timeout.c.obj)
                0x00000000000052bc                z_add_timeout
 .text.sys_clock_announce
                0x00000000000053bc       0xc8 zephyr/kernel/libkernel.a(timeout.c.obj)
                0x00000000000053bc                sys_clock_announce
 .text.sys_clock_tick_get
                0x0000000000005484       0x40 zephyr/kernel/libkernel.a(timeout.c.obj)
                0x0000000000005484                sys_clock_tick_get
 .text.z_timer_expiration_handler
                0x00000000000054c4      0x100 zephyr/kernel/libkernel.a(timer.c.obj)
                0x00000000000054c4                z_timer_expiration_handler
 .text.z_impl_k_timer_start
                0x00000000000055c4       0x60 zephyr/kernel/libkernel.a(timer.c.obj)
                0x00000000000055c4                z_impl_k_timer_start
 .text.z_thread_aligned_alloc
                0x0000000000005624       0x28 zephyr/kernel/libkernel.a(mempool.c.obj)
                0x0000000000005624                z_thread_aligned_alloc
 .text.boot_banner
                0x000000000000564c       0x10 zephyr/kernel/libkernel.a(banner.c.obj)
                0x000000000000564c                boot_banner
 .text.statics_init
                0x000000000000565c       0x24 zephyr/kernel/libkernel.a(kheap.c.obj)
 .text._free_r  0x0000000000005680       0x94 /opt/nordic/ncs/toolchains/4ef6631da0/opt/zephyr-sdk/arm-zephyr-eabi/arm-zephyr-eabi/lib/thumb/v7e-m/nofp/libc_nano.a(lib_a-nano-freer.o)
                0x0000000000005680                _free_r
 .text._malloc_r
                0x0000000000005714       0xb4 /opt/nordic/ncs/toolchains/4ef6631da0/opt/zephyr-sdk/arm-zephyr-eabi/arm-zephyr-eabi/lib/thumb/v7e-m/nofp/libc_nano.a(lib_a-nano-mallocr.o)
                0x0000000000005714                _malloc_r
 .text._sbrk_r  0x00000000000057c8       0x20 /opt/nordic/ncs/toolchains/4ef6631da0/opt/zephyr-sdk/arm-zephyr-eabi/arm-zephyr-eabi/lib/thumb/v7e-m/nofp/libc_nano.a(lib_a-sbrkr.o)
                0x00000000000057c8                _sbrk_r
 .text.sscanf   0x00000000000057e8       0x54 /opt/nordic/ncs/toolchains/4ef6631da0/opt/zephyr-sdk/arm-zephyr-eabi/arm-zephyr-eabi/lib/thumb/v7e-m/nofp/libc_nano.a(lib_a-sscanf.o)
                0x00000000000057e8                sscanf
                0x00000000000057e8                siscanf
 .text._strtol_l.constprop.0
                0x000000000000583c       0xfc /opt/nordic/ncs/toolchains/4ef6631da0/opt/zephyr-sdk/arm-zephyr-eabi/arm-zephyr-eabi/lib/thumb/v7e-m/nofp/libc_nano.a(lib_a-strtol.o)
 .text.strtol   0x0000000000005938       0x14 /opt/nordic/ncs/toolchains/4ef6631da0/opt/zephyr-sdk/arm-zephyr-eabi/arm-zephyr-eabi/lib/thumb/v7e-m/nofp/libc_nano.a(lib_a-strtol.o)
                0x0000000000005938                strtol
 .text.strupr   0x000000000000594c       0x24 /opt/nordic/ncs/toolchains/4ef6631da0/opt/zephyr-sdk/arm-zephyr-eabi/arm-zephyr-eabi/lib/thumb/v7e-m/nofp/libc_nano.a(lib_a-strupr.o)
                0x000000000000594c                strupr
 .text.__malloc_lock
                0x0000000000005970        0xc /opt/nordic/ncs/toolchains/4ef6631da0/opt/zephyr-sdk/arm-zephyr-eabi/arm-zephyr-eabi/lib/thumb/v7e-m/nofp/libc_nano.a(lib_a-mlock.o)
                0x0000000000005970                __malloc_lock
 .text.__malloc_unlock
                0x000000000000597c        0xc /opt/nordic/ncs/toolchains/4ef6631da0/opt/zephyr-sdk/arm-zephyr-eabi/arm-zephyr-eabi/lib/thumb/v7e-m/nofp/libc_nano.a(lib_a-mlock.o)
                0x000000000000597c                __malloc_unlock
 .text.__ssvfscanf_r
                0x0000000000005988      0x2ec /opt/nordic/ncs/toolchains/4ef6631da0/opt/zephyr-sdk/arm-zephyr-eabi/arm-zephyr-eabi/lib/thumb/v7e-m/nofp/libc_nano.a(lib_a-nano-svfscanf.o)
                0x0000000000005988                __ssvfscanf_r
                0x0000000000005988                __ssvfiscanf_r
 .text._scanf_chars
                0x0000000000005c74       0xb4 /opt/nordic/ncs/toolchains/4ef6631da0/opt/zephyr-sdk/arm-zephyr-eabi/arm-zephyr-eabi/lib/thumb/v7e-m/nofp/libc_nano.a(lib_a-nano-vfscanf_i.o)
                0x0000000000005c74                _scanf_chars
 .text._scanf_i
                0x0000000000005d28      0x200 /opt/nordic/ncs/toolchains/4ef6631da0/opt/zephyr-sdk/arm-zephyr-eabi/arm-zephyr-eabi/lib/thumb/v7e-m/nofp/libc_nano.a(lib_a-nano-vfscanf_i.o)
                0x0000000000005d28                _scanf_i
 .text._strtoul_l.constprop.0
                0x0000000000005f28       0xe4 /opt/nordic/ncs/toolchains/4ef6631da0/opt/zephyr-sdk/arm-zephyr-eabi/arm-zephyr-eabi/lib/thumb/v7e-m/nofp/libc_nano.a(lib_a-strtoul.o)
 .text.z_impl_gpio_pin_interrupt_configure
                0x000000000000600c       0x28 app/libapp.a(main.c.obj)
 .text.z_impl_gpio_pin_configure
                0x0000000000006034       0x50 app/libapp.a(main.c.obj)
 .text.gpio_pin_configure_dt
                0x0000000000006084       0x16 app/libapp.a(main.c.obj)
 .text.gpio_pin_toggle_dt
                0x000000000000609a       0x14 app/libapp.a(main.c.obj)
 .text.gpio_add_callback
                0x00000000000060ae       0x14 app/libapp.a(main.c.obj)
 .text.pwm_set_cycles
                0x00000000000060c2       0x1e app/libapp.a(main.c.obj)
 .text.pwm_set_dt
                0x00000000000060e0       0x1a app/libapp.a(main.c.obj)
 .text.adc_channel_setup_dt
                0x00000000000060fa       0x1a app/libapp.a(main.c.obj)
 .text.k_msleep
                0x0000000000006114       0x2c app/libapp.a(main.c.obj)
 .text.arch_printk_char_out
                0x0000000000006140        0x4 zephyr/libzephyr.a(printk.c.obj)
                0x0000000000006140                arch_printk_char_out
 .text.printk   0x0000000000006144       0x1c zephyr/libzephyr.a(printk.c.obj)
                0x0000000000006144                printk
 .text.z_thread_entry
                0x0000000000006160       0x14 zephyr/libzephyr.a(thread_entry.c.obj)
                0x0000000000006160                z_thread_entry
 .text.chunk_mem
                0x0000000000006174        0x8 zephyr/libzephyr.a(heap.c.obj)
 .text.free_list_remove_bidx
                0x000000000000617c       0x3e zephyr/libzephyr.a(heap.c.obj)
 .text.free_list_add_bidx
                0x00000000000061ba       0x4e zephyr/libzephyr.a(heap.c.obj)
 .text.split_chunks
                0x0000000000006208       0x3a zephyr/libzephyr.a(heap.c.obj)
 .text.merge_chunks
                0x0000000000006242       0x34 zephyr/libzephyr.a(heap.c.obj)
 .text.mem_to_chunkid
                0x0000000000006276        0x8 zephyr/libzephyr.a(heap.c.obj)
 .text.free_list_remove
                0x000000000000627e       0x18 zephyr/libzephyr.a(heap.c.obj)
 .text.free_list_add
                0x0000000000006296       0x18 zephyr/libzephyr.a(heap.c.obj)
 .text.free_chunk
                0x00000000000062ae       0x62 zephyr/libzephyr.a(heap.c.obj)
 .text.alloc_chunk
                0x0000000000006310       0x76 zephyr/libzephyr.a(heap.c.obj)
 .text.sys_heap_free
                0x0000000000006386       0x24 zephyr/libzephyr.a(heap.c.obj)
                0x0000000000006386                sys_heap_free
 .text.sys_heap_alloc
                0x00000000000063aa       0x64 zephyr/libzephyr.a(heap.c.obj)
                0x00000000000063aa                sys_heap_alloc
 .text.sys_heap_aligned_alloc
                0x000000000000640e       0xec zephyr/libzephyr.a(heap.c.obj)
                0x000000000000640e                sys_heap_aligned_alloc
 .text.sys_heap_init
                0x00000000000064fa       0x84 zephyr/libzephyr.a(heap.c.obj)
                0x00000000000064fa                sys_heap_init
 .text.set_state
                0x000000000000657e       0x10 zephyr/libzephyr.a(onoff.c.obj)
 .text.notify_monitors
                0x000000000000658e       0x44 zephyr/libzephyr.a(onoff.c.obj)
 .text.process_recheck
                0x00000000000065d2       0x32 zephyr/libzephyr.a(onoff.c.obj)
 .text.process_complete
                0x0000000000006604       0xa2 zephyr/libzephyr.a(onoff.c.obj)
 .text.validate_args
                0x00000000000066a6       0x2a zephyr/libzephyr.a(onoff.c.obj)
 .text.notify_one
                0x00000000000066d0       0x26 zephyr/libzephyr.a(onoff.c.obj)
 .text.notify_all
                0x00000000000066f6       0x2e zephyr/libzephyr.a(onoff.c.obj)
 .text.transition_complete
                0x0000000000006724       0x1c zephyr/libzephyr.a(onoff.c.obj)
 .text.onoff_manager_init
                0x0000000000006740       0x3a zephyr/libzephyr.a(onoff.c.obj)
                0x0000000000006740                onoff_manager_init
 .text.onoff_request
                0x000000000000677a       0xc2 zephyr/libzephyr.a(onoff.c.obj)
                0x000000000000677a                onoff_request
 .text.sys_notify_validate
                0x000000000000683c       0x2e zephyr/libzephyr.a(notify.c.obj)
                0x000000000000683c                sys_notify_validate
 .text.sys_notify_finalize
                0x000000000000686a       0x1a zephyr/libzephyr.a(notify.c.obj)
                0x000000000000686a                sys_notify_finalize
 .text.extract_width
                0x0000000000006884       0x5e zephyr/libzephyr.a(cbprintf_complete.c.obj)
 .text.extract_prec
                0x00000000000068e2       0x64 zephyr/libzephyr.a(cbprintf_complete.c.obj)
 .text.extract_length
                0x0000000000006946       0xce zephyr/libzephyr.a(cbprintf_complete.c.obj)
 .text.extract_specifier
                0x0000000000006a14      0x122 zephyr/libzephyr.a(cbprintf_complete.c.obj)
 .text.extract_conversion
                0x0000000000006b36       0x44 zephyr/libzephyr.a(cbprintf_complete.c.obj)
 .text.conversion_radix
                0x0000000000006b7a       0x2a zephyr/libzephyr.a(cbprintf_complete.c.obj)
 .text.store_count
                0x0000000000006ba4       0x3e zephyr/libzephyr.a(cbprintf_complete.c.obj)
 .text.outs     0x0000000000006be2       0x34 zephyr/libzephyr.a(cbprintf_complete.c.obj)
 .text._ConfigAbsSyms
                0x0000000000006c16        0x2 zephyr/libzephyr.a(configs.c.obj)
                0x0000000000006c16                _ConfigAbsSyms
 .text.atomic_test_and_clear_bit
                0x0000000000006c18       0x38 zephyr/libzephyr.a(pm.c.obj)
 .text.atomic_set_bit
                0x0000000000006c50       0x26 zephyr/libzephyr.a(pm.c.obj)
 .text.pm_policy_state_lock_is_active
                0x0000000000006c76        0x4 zephyr/libzephyr.a(policy.c.obj)
                0x0000000000006c76                pm_policy_state_lock_is_active
 .text.z_arm_fatal_error
                0x0000000000006c7a        0x8 zephyr/arch/arch/arm/core/aarch32/libarch__arm__core__aarch32.a(fatal.c.obj)
                0x0000000000006c7a                z_arm_fatal_error
 .text.z_do_kernel_oops
                0x0000000000006c82        0xc zephyr/arch/arch/arm/core/aarch32/libarch__arm__core__aarch32.a(fatal.c.obj)
                0x0000000000006c82                z_do_kernel_oops
 .text.arch_irq_enable
                0x0000000000006c8e        0xa zephyr/arch/arch/arm/core/aarch32/libarch__arm__core__aarch32.a(irq_manage.c.obj)
                0x0000000000006c8e                arch_irq_enable
 .text.z_arm_irq_priority_set
                0x0000000000006c98        0xc zephyr/arch/arch/arm/core/aarch32/libarch__arm__core__aarch32.a(irq_manage.c.obj)
                0x0000000000006c98                z_arm_irq_priority_set
 .text.z_irq_spurious
                0x0000000000006ca4        0xc zephyr/arch/arch/arm/core/aarch32/libarch__arm__core__aarch32.a(irq_manage.c.obj)
                0x0000000000006ca4                z_irq_spurious
 .text.z_arm_nmi
                0x0000000000006cb0        0xc zephyr/arch/arch/arm/core/aarch32/libarch__arm__core__aarch32.a(nmi.c.obj)
                0x0000000000006cb0                z_arm_nmi
 .text.memory_fault_recoverable
                0x0000000000006cbc        0x4 zephyr/arch/arch/arm/core/aarch32/cortex_m/libarch__arm__core__aarch32__cortex_m.a(fault.c.obj)
 .text.debug_monitor
                0x0000000000006cc0        0x6 zephyr/arch/arch/arm/core/aarch32/cortex_m/libarch__arm__core__aarch32__cortex_m.a(fault.c.obj)
 .text.fault_handle
                0x0000000000006cc6       0x46 zephyr/arch/arch/arm/core/aarch32/cortex_m/libarch__arm__core__aarch32__cortex_m.a(fault.c.obj)
 .text.mpu_partition_is_valid
                0x0000000000006d0c       0x22 zephyr/arch/arch/arm/core/aarch32/mpu/libarch__arm__core__aarch32__mpu.a(arm_mpu.c.obj)
 .text.region_allocate_and_init
                0x0000000000006d2e       0x16 zephyr/arch/arch/arm/core/aarch32/mpu/libarch__arm__core__aarch32__mpu.a(arm_mpu.c.obj)
 .text.mpu_configure_region
                0x0000000000006d44       0x3e zephyr/arch/arch/arm/core/aarch32/mpu/libarch__arm__core__aarch32__mpu.a(arm_mpu.c.obj)
 .text.mpu_configure_regions
                0x0000000000006d82       0x50 zephyr/arch/arch/arm/core/aarch32/mpu/libarch__arm__core__aarch32__mpu.a(arm_mpu.c.obj)
 .text.arm_core_mpu_configure_static_mpu_regions
                0x0000000000006dd2        0x8 zephyr/arch/arch/arm/core/aarch32/mpu/libarch__arm__core__aarch32__mpu.a(arm_mpu.c.obj)
                0x0000000000006dd2                arm_core_mpu_configure_static_mpu_regions
 .text.arm_core_mpu_configure_dynamic_mpu_regions
                0x0000000000006dda        0x8 zephyr/arch/arch/arm/core/aarch32/mpu/libarch__arm__core__aarch32__mpu.a(arm_mpu.c.obj)
                0x0000000000006dda                arm_core_mpu_configure_dynamic_mpu_regions
 .text.malloc_prepare
                0x0000000000006de2        0x4 zephyr/lib/libc/newlib/liblib__libc__newlib.a(libc-hooks.c.obj)
 .text._stdout_hook_default
                0x0000000000006de6        0x6 zephyr/lib/libc/newlib/liblib__libc__newlib.a(libc-hooks.c.obj)
 .text.__retarget_lock_acquire_recursive
                0x0000000000006dec       0x10 zephyr/lib/libc/newlib/liblib__libc__newlib.a(libc-hooks.c.obj)
                0x0000000000006dec                __retarget_lock_acquire_recursive
 .text.__retarget_lock_release_recursive
                0x0000000000006dfc        0x8 zephyr/lib/libc/newlib/liblib__libc__newlib.a(libc-hooks.c.obj)
                0x0000000000006dfc                __retarget_lock_release_recursive
 .text.__errno  0x0000000000006e04        0x8 zephyr/lib/libc/newlib/liblib__libc__newlib.a(libc-hooks.c.obj)
                0x0000000000006e04                __errno
 .text.sys_arch_reboot
                0x0000000000006e0c       0x10 zephyr/soc/arm/nordic_nrf/nrf52/libsoc__arm__nordic_nrf__nrf52.a(soc.c.obj)
                0x0000000000006e0c                sys_arch_reboot
 .text.nrf_power_system_off
                0x0000000000006e1c        0xe zephyr/soc/arm/nordic_nrf/nrf52/libsoc__arm__nordic_nrf__nrf52.a(power.c.obj)
 .text.pm_state_set
                0x0000000000006e2a       0x10 zephyr/soc/arm/nordic_nrf/nrf52/libsoc__arm__nordic_nrf__nrf52.a(power.c.obj)
                0x0000000000006e2a                pm_state_set
 .text.pm_state_exit_post_ops
                0x0000000000006e3a        0xc zephyr/soc/arm/nordic_nrf/nrf52/libsoc__arm__nordic_nrf__nrf52.a(power.c.obj)
                0x0000000000006e3a                pm_state_exit_post_ops
 .text.nrf_saadc_channel_init
                0x0000000000006e46       0x6a zephyr/drivers/adc/libdrivers__adc.a(adc_nrfx_saadc.c.obj)
 .text.check_buffer_size
                0x0000000000006eb0       0x1c zephyr/drivers/adc/libdrivers__adc.a(adc_nrfx_saadc.c.obj)
 .text.adc_context_request_next_sampling
                0x0000000000006ecc       0x28 zephyr/drivers/adc/libdrivers__adc.a(adc_nrfx_saadc.c.obj)
 .text.adc_context_on_timer_expired
                0x0000000000006ef4        0xa zephyr/drivers/adc/libdrivers__adc.a(adc_nrfx_saadc.c.obj)
 .text.adc_context_lock
                0x0000000000006efe       0x12 zephyr/drivers/adc/libdrivers__adc.a(adc_nrfx_saadc.c.obj)
 .text.adc_context_wait_for_completion
                0x0000000000006f10       0x16 zephyr/drivers/adc/libdrivers__adc.a(adc_nrfx_saadc.c.obj)
 .text.adc_context_start_read
                0x0000000000006f26       0x5e zephyr/drivers/adc/libdrivers__adc.a(adc_nrfx_saadc.c.obj)
 .text.adc_context_unlock_unconditionally
                0x0000000000006f84       0x10 zephyr/drivers/adc/libdrivers__adc.a(adc_nrfx_saadc.c.obj)
 .text.adc_context_on_sampling_done
                0x0000000000006f94       0x96 zephyr/drivers/adc/libdrivers__adc.a(adc_nrfx_saadc.c.obj)
 .text.nrf_clock_is_running
                0x000000000000702a       0x46 zephyr/drivers/clock_control/libdrivers__clock_control.a(clock_control_nrf.c.obj)
 .text.get_sub_data
                0x0000000000007070        0xe zephyr/drivers/clock_control/libdrivers__clock_control.a(clock_control_nrf.c.obj)
 .text.get_sub_config
                0x000000000000707e        0x8 zephyr/drivers/clock_control/libdrivers__clock_control.a(clock_control_nrf.c.obj)
 .text.get_onoff_manager
                0x0000000000007086        0xc zephyr/drivers/clock_control/libdrivers__clock_control.a(clock_control_nrf.c.obj)
 .text.get_status
                0x0000000000007092       0x10 zephyr/drivers/clock_control/libdrivers__clock_control.a(clock_control_nrf.c.obj)
 .text.set_off_state
                0x00000000000070a2       0x32 zephyr/drivers/clock_control/libdrivers__clock_control.a(clock_control_nrf.c.obj)
 .text.set_starting_state
                0x00000000000070d4       0x3c zephyr/drivers/clock_control/libdrivers__clock_control.a(clock_control_nrf.c.obj)
 .text.set_on_state
                0x0000000000007110       0x26 zephyr/drivers/clock_control/libdrivers__clock_control.a(clock_control_nrf.c.obj)
 .text.clkstarted_handle
                0x0000000000007136       0x24 zephyr/drivers/clock_control/libdrivers__clock_control.a(clock_control_nrf.c.obj)
 .text.stop     0x000000000000715a       0x2a zephyr/drivers/clock_control/libdrivers__clock_control.a(clock_control_nrf.c.obj)
 .text.api_stop
                0x0000000000007184        0xa zephyr/drivers/clock_control/libdrivers__clock_control.a(clock_control_nrf.c.obj)
 .text.async_start
                0x000000000000718e       0x38 zephyr/drivers/clock_control/libdrivers__clock_control.a(clock_control_nrf.c.obj)
 .text.api_start
                0x00000000000071c6       0x10 zephyr/drivers/clock_control/libdrivers__clock_control.a(clock_control_nrf.c.obj)
 .text.onoff_started_callback
                0x00000000000071d6       0x10 zephyr/drivers/clock_control/libdrivers__clock_control.a(clock_control_nrf.c.obj)
 .text.hfclk_start
                0x00000000000071e6        0xa zephyr/drivers/clock_control/libdrivers__clock_control.a(clock_control_nrf.c.obj)
 .text.hfclk_stop
                0x00000000000071f0        0xa zephyr/drivers/clock_control/libdrivers__clock_control.a(clock_control_nrf.c.obj)
 .text.lfclk_stop
                0x00000000000071fa        0xa zephyr/drivers/clock_control/libdrivers__clock_control.a(clock_control_nrf.c.obj)
 .text.k_msleep
                0x0000000000007204       0x2c zephyr/drivers/clock_control/libdrivers__clock_control.a(clock_control_nrf.c.obj)
 .text.blocking_start_callback
                0x0000000000007230        0xa zephyr/drivers/clock_control/libdrivers__clock_control.a(clock_control_nrf.c.obj)
 .text.lfclk_start
                0x000000000000723a        0xe zephyr/drivers/clock_control/libdrivers__clock_control.a(clock_control_nrf.c.obj)
 .text.uart_fifo_read
                0x0000000000007248       0x12 zephyr/drivers/console/libdrivers__console.a(uart_console.c.obj)
 .text.uart_irq_callback_user_data_set
                0x000000000000725a       0x1c zephyr/drivers/console/libdrivers__console.a(uart_console.c.obj)
 .text.uart_irq_tx_disable
                0x0000000000007276        0xc zephyr/drivers/console/libdrivers__console.a(uart_console.c.obj)
 .text.uart_irq_rx_enable
                0x0000000000007282        0xc zephyr/drivers/console/libdrivers__console.a(uart_console.c.obj)
 .text.uart_irq_rx_disable
                0x000000000000728e        0xc zephyr/drivers/console/libdrivers__console.a(uart_console.c.obj)
 .text.uart_irq_is_pending
                0x000000000000729a       0x12 zephyr/drivers/console/libdrivers__console.a(uart_console.c.obj)
 .text.uart_irq_update
                0x00000000000072ac       0x12 zephyr/drivers/console/libdrivers__console.a(uart_console.c.obj)
 .text.read_uart
                0x00000000000072be       0x1e zephyr/drivers/console/libdrivers__console.a(uart_console.c.obj)
 .text.sys_slist_remove
                0x00000000000072dc       0x26 zephyr/drivers/gpio/libdrivers__gpio.a(gpio_nrfx.c.obj)
 .text.sys_slist_find_and_remove
                0x0000000000007302       0x20 zephyr/drivers/gpio/libdrivers__gpio.a(gpio_nrfx.c.obj)
 .text.gpio_manage_callback
                0x0000000000007322       0x3e zephyr/drivers/gpio/libdrivers__gpio.a(gpio_nrfx.c.obj)
 .text.gpio_fire_callbacks
                0x0000000000007360       0x40 zephyr/drivers/gpio/libdrivers__gpio.a(gpio_nrfx.c.obj)
 .text.get_drive
                0x00000000000073a0       0x86 zephyr/drivers/gpio/libdrivers__gpio.a(gpio_nrfx.c.obj)
 .text.get_pull
                0x0000000000007426       0x18 zephyr/drivers/gpio/libdrivers__gpio.a(gpio_nrfx.c.obj)
 .text.gpio_nrfx_port_get_raw
                0x000000000000743e        0xe zephyr/drivers/gpio/libdrivers__gpio.a(gpio_nrfx.c.obj)
 .text.gpio_nrfx_port_set_masked_raw
                0x000000000000744c       0x18 zephyr/drivers/gpio/libdrivers__gpio.a(gpio_nrfx.c.obj)
 .text.gpio_nrfx_port_set_bits_raw
                0x0000000000007464        0xc zephyr/drivers/gpio/libdrivers__gpio.a(gpio_nrfx.c.obj)
 .text.gpio_nrfx_port_clear_bits_raw
                0x0000000000007470        0xc zephyr/drivers/gpio/libdrivers__gpio.a(gpio_nrfx.c.obj)
 .text.gpio_nrfx_port_toggle_bits
                0x000000000000747c       0x1a zephyr/drivers/gpio/libdrivers__gpio.a(gpio_nrfx.c.obj)
 .text.get_trigger
                0x0000000000007496       0x2c zephyr/drivers/gpio/libdrivers__gpio.a(gpio_nrfx.c.obj)
 .text.gpio_nrfx_manage_callback
                0x00000000000074c2        0xc zephyr/drivers/gpio/libdrivers__gpio.a(gpio_nrfx.c.obj)
 .text.nrfx_gpio_handler
                0x00000000000074ce       0x1e zephyr/drivers/gpio/libdrivers__gpio.a(gpio_nrfx.c.obj)
 .text.pinctrl_lookup_state
                0x00000000000074ec       0x32 zephyr/drivers/pinctrl/libdrivers__pinctrl.a(common.c.obj)
                0x00000000000074ec                pinctrl_lookup_state
 .text.pwm_period_check_and_set
                0x000000000000751e       0x56 zephyr/drivers/pwm/libdrivers__pwm.a(pwm_nrfx.c.obj)
 .text.channel_psel_get
                0x0000000000007574       0x14 zephyr/drivers/pwm/libdrivers__pwm.a(pwm_nrfx.c.obj)
 .text.pwm_nrfx_set_cycles
                0x0000000000007588      0x110 zephyr/drivers/pwm/libdrivers__pwm.a(pwm_nrfx.c.obj)
 .text.pinctrl_apply_state
                0x0000000000007698       0x20 zephyr/drivers/pwm/libdrivers__pwm.a(pwm_nrfx.c.obj)
 .text.endtx_isr
                0x00000000000076b8       0x32 zephyr/drivers/serial/libdrivers__serial.a(uart_nrfx_uarte.c.obj)
 .text.uarte_nrfx_isr_int
                0x00000000000076ea       0xa0 zephyr/drivers/serial/libdrivers__serial.a(uart_nrfx_uarte.c.obj)
 .text.uarte_nrfx_configure
                0x000000000000778a       0x8e zephyr/drivers/serial/libdrivers__serial.a(uart_nrfx_uarte.c.obj)
 .text.uarte_nrfx_config_get
                0x0000000000007818       0x12 zephyr/drivers/serial/libdrivers__serial.a(uart_nrfx_uarte.c.obj)
 .text.uarte_nrfx_err_check
                0x000000000000782a        0xe zephyr/drivers/serial/libdrivers__serial.a(uart_nrfx_uarte.c.obj)
 .text.is_tx_ready
                0x0000000000007838       0x28 zephyr/drivers/serial/libdrivers__serial.a(uart_nrfx_uarte.c.obj)
 .text.uarte_enable
                0x0000000000007860        0xc zephyr/drivers/serial/libdrivers__serial.a(uart_nrfx_uarte.c.obj)
 .text.tx_start
                0x000000000000786c       0x3e zephyr/drivers/serial/libdrivers__serial.a(uart_nrfx_uarte.c.obj)
 .text.uarte_nrfx_poll_in
                0x00000000000078aa       0x2c zephyr/drivers/serial/libdrivers__serial.a(uart_nrfx_uarte.c.obj)
 .text.uarte_nrfx_fifo_read
                0x00000000000078d6       0x2e zephyr/drivers/serial/libdrivers__serial.a(uart_nrfx_uarte.c.obj)
 .text.uarte_nrfx_irq_tx_enable
                0x0000000000007904       0x2e zephyr/drivers/serial/libdrivers__serial.a(uart_nrfx_uarte.c.obj)
 .text.uarte_nrfx_irq_tx_disable
                0x0000000000007932        0xa zephyr/drivers/serial/libdrivers__serial.a(uart_nrfx_uarte.c.obj)
 .text.uarte_nrfx_irq_tx_ready_complete
                0x000000000000793c       0x30 zephyr/drivers/serial/libdrivers__serial.a(uart_nrfx_uarte.c.obj)
 .text.uarte_nrfx_irq_rx_ready
                0x000000000000796c       0x10 zephyr/drivers/serial/libdrivers__serial.a(uart_nrfx_uarte.c.obj)
 .text.uarte_nrfx_irq_rx_enable
                0x000000000000797c        0xc zephyr/drivers/serial/libdrivers__serial.a(uart_nrfx_uarte.c.obj)
 .text.uarte_nrfx_irq_rx_disable
                0x0000000000007988        0xc zephyr/drivers/serial/libdrivers__serial.a(uart_nrfx_uarte.c.obj)
 .text.uarte_nrfx_irq_err_enable
                0x0000000000007994        0xe zephyr/drivers/serial/libdrivers__serial.a(uart_nrfx_uarte.c.obj)
 .text.uarte_nrfx_irq_err_disable
                0x00000000000079a2        0xe zephyr/drivers/serial/libdrivers__serial.a(uart_nrfx_uarte.c.obj)
 .text.uarte_nrfx_irq_is_pending
                0x00000000000079b0       0x3a zephyr/drivers/serial/libdrivers__serial.a(uart_nrfx_uarte.c.obj)
 .text.uarte_nrfx_irq_update
                0x00000000000079ea        0x4 zephyr/drivers/serial/libdrivers__serial.a(uart_nrfx_uarte.c.obj)
 .text.uarte_nrfx_irq_callback_set
                0x00000000000079ee        0xc zephyr/drivers/serial/libdrivers__serial.a(uart_nrfx_uarte.c.obj)
 .text.uarte_nrfx_fifo_fill
                0x00000000000079fa       0x74 zephyr/drivers/serial/libdrivers__serial.a(uart_nrfx_uarte.c.obj)
 .text.k_msleep
                0x0000000000007a6e       0x2c zephyr/drivers/serial/libdrivers__serial.a(uart_nrfx_uarte.c.obj)
 .text.wait_tx_ready
                0x0000000000007a9a       0x4c zephyr/drivers/serial/libdrivers__serial.a(uart_nrfx_uarte.c.obj)
 .text.pinctrl_apply_state
                0x0000000000007ae6       0x20 zephyr/drivers/serial/libdrivers__serial.a(uart_nrfx_uarte.c.obj)
 .text.uarte_instance_init
                0x0000000000007b06       0xa4 zephyr/drivers/serial/libdrivers__serial.a(uart_nrfx_uarte.c.obj)
 .text.uarte_0_init
                0x0000000000007baa       0x1e zephyr/drivers/serial/libdrivers__serial.a(uart_nrfx_uarte.c.obj)
 .text.sys_clock_idle_exit
                0x0000000000007bc8        0x2 zephyr/drivers/timer/libdrivers__timer.a(sys_clock_init.c.obj)
                0x0000000000007bc8                sys_clock_idle_exit
 .text.counter_sub
                0x0000000000007bca        0x8 zephyr/drivers/timer/libdrivers__timer.a(nrf_rtc_timer.c.obj)
 .text.event_check
                0x0000000000007bd2       0x1a zephyr/drivers/timer/libdrivers__timer.a(nrf_rtc_timer.c.obj)
 .text.event_clear
                0x0000000000007bec       0x18 zephyr/drivers/timer/libdrivers__timer.a(nrf_rtc_timer.c.obj)
 .text.absolute_time_to_cc
                0x0000000000007c04        0x6 zephyr/drivers/timer/libdrivers__timer.a(nrf_rtc_timer.c.obj)
 .text.full_int_lock
                0x0000000000007c0a       0x12 zephyr/drivers/timer/libdrivers__timer.a(nrf_rtc_timer.c.obj)
 .text.full_int_unlock
                0x0000000000007c1c        0xa zephyr/drivers/timer/libdrivers__timer.a(nrf_rtc_timer.c.obj)
 .text.compare_set
                0x0000000000007c26       0x32 zephyr/drivers/timer/libdrivers__timer.a(nrf_rtc_timer.c.obj)
 .text.k_sys_fatal_error_handler
                0x0000000000007c58        0x8 modules/nrf/lib/fatal_error/lib..__nrf__lib__fatal_error.a(fatal_error.c.obj)
                0x0000000000007c58                k_sys_fatal_error_handler
 .text.nrf52_errata_12
                0x0000000000007c60       0x24 modules/hal_nordic/nrfx/libmodules__hal_nordic__nrfx.a(system_nrf52.c.obj)
 .text.nrf52_errata_16
                0x0000000000007c84       0x2c modules/hal_nordic/nrfx/libmodules__hal_nordic__nrfx.a(system_nrf52.c.obj)
 .text.nrf52_errata_31
                0x0000000000007cb0       0x24 modules/hal_nordic/nrfx/libmodules__hal_nordic__nrfx.a(system_nrf52.c.obj)
 .text.nrf52_errata_32
                0x0000000000007cd4       0x2c modules/hal_nordic/nrfx/libmodules__hal_nordic__nrfx.a(system_nrf52.c.obj)
 .text.nrf52_errata_36
                0x0000000000007d00       0x24 modules/hal_nordic/nrfx/libmodules__hal_nordic__nrfx.a(system_nrf52.c.obj)
 .text.nrf52_errata_37
                0x0000000000007d24       0x2c modules/hal_nordic/nrfx/libmodules__hal_nordic__nrfx.a(system_nrf52.c.obj)
 .text.nrf52_errata_57
                0x0000000000007d50       0x2c modules/hal_nordic/nrfx/libmodules__hal_nordic__nrfx.a(system_nrf52.c.obj)
 .text.nrf52_errata_66
                0x0000000000007d7c       0x44 modules/hal_nordic/nrfx/libmodules__hal_nordic__nrfx.a(system_nrf52.c.obj)
 .text.nrf52_errata_108
                0x0000000000007dc0       0x24 modules/hal_nordic/nrfx/libmodules__hal_nordic__nrfx.a(system_nrf52.c.obj)
 .text.nrf52_errata_136
                0x0000000000007de4       0x24 modules/hal_nordic/nrfx/libmodules__hal_nordic__nrfx.a(system_nrf52.c.obj)
 .text.nrf52_errata_182
                0x0000000000007e08       0x28 modules/hal_nordic/nrfx/libmodules__hal_nordic__nrfx.a(system_nrf52.c.obj)
 .text.nrf52_configuration_249
                0x0000000000007e30       0x28 modules/hal_nordic/nrfx/libmodules__hal_nordic__nrfx.a(system_nrf52.c.obj)
 .text.nrf52_handle_approtect
                0x0000000000007e58       0x1a modules/hal_nordic/nrfx/libmodules__hal_nordic__nrfx.a(system_nrf52.c.obj)
 .text.nrfx_isr
                0x0000000000007e72        0x6 modules/hal_nordic/nrfx/libmodules__hal_nordic__nrfx.a(nrfx_glue.c.obj)
                0x0000000000007e72                nrfx_isr
 .text.nrfx_busy_wait
                0x0000000000007e78        0x8 modules/hal_nordic/nrfx/libmodules__hal_nordic__nrfx.a(nrfx_glue.c.obj)
                0x0000000000007e78                nrfx_busy_wait
 .text.nrf_clock_is_running
                0x0000000000007e80       0x46 modules/hal_nordic/nrfx/libmodules__hal_nordic__nrfx.a(nrfx_clock.c.obj)
 .text.clock_initial_lfclksrc_get
                0x0000000000007ec6        0x4 modules/hal_nordic/nrfx/libmodules__hal_nordic__nrfx.a(nrfx_clock.c.obj)
 .text.nrfx_power_clock_irq_init
                0x0000000000007eca       0x12 modules/hal_nordic/nrfx/libmodules__hal_nordic__nrfx.a(nrfx_clock.c.obj)
 .text.clock_lfclksrc_tweak
                0x0000000000007edc       0x2c modules/hal_nordic/nrfx/libmodules__hal_nordic__nrfx.a(nrfx_clock.c.obj)
 .text.nrfx_clock_enable
                0x0000000000007f08       0x14 modules/hal_nordic/nrfx/libmodules__hal_nordic__nrfx.a(nrfx_clock.c.obj)
                0x0000000000007f08                nrfx_clock_enable
 .text.nrfx_clock_start
                0x0000000000007f1c       0xa2 modules/hal_nordic/nrfx/libmodules__hal_nordic__nrfx.a(nrfx_clock.c.obj)
                0x0000000000007f1c                nrfx_clock_start
 .text.nrfx_clock_stop
                0x0000000000007fbe        0x8 modules/hal_nordic/nrfx/libmodules__hal_nordic__nrfx.a(nrfx_clock.c.obj)
                0x0000000000007fbe                nrfx_clock_stop
 .text.nrf_gpiote_event_configure
                0x0000000000007fc6       0x32 modules/hal_nordic/nrfx/libmodules__hal_nordic__nrfx.a(nrfx_gpiote.c.obj)
 .text.nrf_gpiote_task_configure
                0x0000000000007ff8       0x3e modules/hal_nordic/nrfx/libmodules__hal_nordic__nrfx.a(nrfx_gpiote.c.obj)
 .text.nrf_gpio_reconfigure
                0x0000000000008036       0xb0 modules/hal_nordic/nrfx/libmodules__hal_nordic__nrfx.a(nrfx_gpiote.c.obj)
 .text.pin_is_task_output
                0x00000000000080e6       0x1e modules/hal_nordic/nrfx/libmodules__hal_nordic__nrfx.a(nrfx_gpiote.c.obj)
 .text.pin_is_input
                0x0000000000008104        0xe modules/hal_nordic/nrfx/libmodules__hal_nordic__nrfx.a(nrfx_gpiote.c.obj)
 .text.gpiote_polarity_to_trigger
                0x0000000000008112        0x2 modules/hal_nordic/nrfx/libmodules__hal_nordic__nrfx.a(nrfx_gpiote.c.obj)
 .text.gpiote_trigger_to_polarity
                0x0000000000008114        0x2 modules/hal_nordic/nrfx/libmodules__hal_nordic__nrfx.a(nrfx_gpiote.c.obj)
 .text.is_level
                0x0000000000008116        0xa modules/hal_nordic/nrfx/libmodules__hal_nordic__nrfx.a(nrfx_gpiote.c.obj)
 .text.next_sense_cond_call_handler
                0x0000000000008120       0x9e modules/hal_nordic/nrfx/libmodules__hal_nordic__nrfx.a(nrfx_gpiote.c.obj)
 .text.latch_pending_read_and_check
                0x00000000000081be       0x32 modules/hal_nordic/nrfx/libmodules__hal_nordic__nrfx.a(nrfx_gpiote.c.obj)
 .text.configure_pins
                0x00000000000081f0       0xae modules/hal_nordic/nrfx/libmodules__hal_nordic__nrfx.a(nrfx_pwm.c.obj)
 .text.start_playback
                0x000000000000829e       0x56 modules/hal_nordic/nrfx/libmodules__hal_nordic__nrfx.a(nrfx_pwm.c.obj)
 .text.nrfx_pwm_stop
                0x00000000000082f4       0x30 modules/hal_nordic/nrfx/libmodules__hal_nordic__nrfx.a(nrfx_pwm.c.obj)
                0x00000000000082f4                nrfx_pwm_stop
 .text.SEGGER_RTT_Init
                0x0000000000008324        0x8 modules/segger/libmodules__segger.a(SEGGER_RTT.c.obj)
                0x0000000000008324                SEGGER_RTT_Init
 .text.rtt_init
                0x000000000000832c        0xa modules/segger/libmodules__segger.a(SEGGER_RTT_zephyr.c.obj)
 .text.z_device_is_ready
                0x0000000000008336       0x20 zephyr/kernel/libkernel.a(device.c.obj)
                0x0000000000008336                z_device_is_ready
 .text.z_fatal_error
                0x0000000000008356       0x34 zephyr/kernel/libkernel.a(fatal.c.obj)
                0x0000000000008356                z_fatal_error
 .text.z_early_memset
                0x000000000000838a        0x8 zephyr/kernel/libkernel.a(init.c.obj)
                0x000000000000838a                z_early_memset
 .text.z_early_memcpy
                0x0000000000008392        0x8 zephyr/kernel/libkernel.a(init.c.obj)
                0x0000000000008392                z_early_memcpy
 .text.setup_thread_stack
                0x000000000000839a       0x26 zephyr/kernel/libkernel.a(thread.c.obj)
 .text.k_is_in_isr
                0x00000000000083c0        0xc zephyr/kernel/libkernel.a(thread.c.obj)
                0x00000000000083c0                k_is_in_isr
 .text.z_impl_k_thread_start
                0x00000000000083cc        0x8 zephyr/kernel/libkernel.a(thread.c.obj)
                0x00000000000083cc                z_impl_k_thread_start
 .text.z_init_thread_base
                0x00000000000083d4       0x16 zephyr/kernel/libkernel.a(thread.c.obj)
                0x00000000000083d4                z_init_thread_base
 .text.z_pm_save_idle_exit
                0x00000000000083ea        0xc zephyr/kernel/libkernel.a(idle.c.obj)
                0x00000000000083ea                z_pm_save_idle_exit
 .text.new_prio_for_inheritance
                0x00000000000083f6       0x16 zephyr/kernel/libkernel.a(mutex.c.obj)
 .text.adjust_owner_prio
                0x000000000000840c       0x16 zephyr/kernel/libkernel.a(mutex.c.obj)
 .text.sys_sflist_append
                0x0000000000008422       0x20 zephyr/kernel/libkernel.a(queue.c.obj)
 .text.sys_sflist_insert
                0x0000000000008442       0x4a zephyr/kernel/libkernel.a(queue.c.obj)
 .text.prepare_thread_to_run
                0x000000000000848c       0x10 zephyr/kernel/libkernel.a(queue.c.obj)
 .text.queue_insert
                0x000000000000849c       0x84 zephyr/kernel/libkernel.a(queue.c.obj)
 .text.z_queue_node_peek
                0x0000000000008520       0x1e zephyr/kernel/libkernel.a(queue.c.obj)
                0x0000000000008520                z_queue_node_peek
 .text.k_queue_append
                0x000000000000853e       0x18 zephyr/kernel/libkernel.a(queue.c.obj)
                0x000000000000853e                k_queue_append
 .text.thread_active_elsewhere
                0x0000000000008556        0x4 zephyr/kernel/libkernel.a(sched.c.obj)
 .text.pended_on_thread
                0x000000000000855a        0x4 zephyr/kernel/libkernel.a(sched.c.obj)
 .text.z_sched_prio_cmp
                0x000000000000855e       0x14 zephyr/kernel/libkernel.a(sched.c.obj)
                0x000000000000855e                z_sched_prio_cmp
 .text.z_unpend_thread_no_timeout
                0x0000000000008572       0x34 zephyr/kernel/libkernel.a(sched.c.obj)
                0x0000000000008572                z_unpend_thread_no_timeout
 .text.z_reschedule_irqlock
                0x00000000000085a6       0x1c zephyr/kernel/libkernel.a(sched.c.obj)
                0x00000000000085a6                z_reschedule_irqlock
 .text.z_reschedule_unlocked
                0x00000000000085c2       0x18 zephyr/kernel/libkernel.a(sched.c.obj)
 .text.z_priq_dumb_remove
                0x00000000000085da       0x10 zephyr/kernel/libkernel.a(sched.c.obj)
                0x00000000000085da                z_priq_dumb_remove
 .text.unpend_thread_no_timeout
                0x00000000000085ea       0x1c zephyr/kernel/libkernel.a(sched.c.obj)
 .text.z_unpend_thread
                0x0000000000008606       0x3c zephyr/kernel/libkernel.a(sched.c.obj)
                0x0000000000008606                z_unpend_thread
 .text.z_priq_dumb_best
                0x0000000000008642        0xe zephyr/kernel/libkernel.a(sched.c.obj)
                0x0000000000008642                z_priq_dumb_best
 .text.z_ready_thread
                0x0000000000008650       0x38 zephyr/kernel/libkernel.a(sched.c.obj)
                0x0000000000008650                z_ready_thread
 .text.z_sched_wake_thread
                0x0000000000008688       0x54 zephyr/kernel/libkernel.a(sched.c.obj)
                0x0000000000008688                z_sched_wake_thread
 .text.z_thread_timeout
                0x00000000000086dc        0xc zephyr/kernel/libkernel.a(sched.c.obj)
                0x00000000000086dc                z_thread_timeout
 .text.unpend_all
                0x00000000000086e8       0x2a zephyr/kernel/libkernel.a(sched.c.obj)
 .text.add_to_waitq_locked
                0x0000000000008712       0x56 zephyr/kernel/libkernel.a(sched.c.obj)
 .text.pend_locked
                0x0000000000008768       0x18 zephyr/kernel/libkernel.a(sched.c.obj)
 .text.z_unpend1_no_timeout
                0x0000000000008780       0x3c zephyr/kernel/libkernel.a(sched.c.obj)
                0x0000000000008780                z_unpend1_no_timeout
 .text.z_unpend_first_thread
                0x00000000000087bc       0x44 zephyr/kernel/libkernel.a(sched.c.obj)
                0x00000000000087bc                z_unpend_first_thread
 .text.z_unpend_all
                0x0000000000008800       0x20 zephyr/kernel/libkernel.a(sched.c.obj)
                0x0000000000008800                z_unpend_all
 .text.init_ready_q
                0x0000000000008820        0x8 zephyr/kernel/libkernel.a(sched.c.obj)
                0x0000000000008820                init_ready_q
 .text.remove_timeout
                0x0000000000008828       0x2e zephyr/kernel/libkernel.a(timeout.c.obj)
 .text.next_timeout
                0x0000000000008856       0x3a zephyr/kernel/libkernel.a(timeout.c.obj)
 .text.z_abort_timeout
                0x0000000000008890       0x3c zephyr/kernel/libkernel.a(timeout.c.obj)
                0x0000000000008890                z_abort_timeout
 .text.z_get_next_timeout_expiry
                0x00000000000088cc       0x2e zephyr/kernel/libkernel.a(timeout.c.obj)
                0x00000000000088cc                z_get_next_timeout_expiry
 .text.sys_clock_tick_get_32
                0x00000000000088fa        0x8 zephyr/kernel/libkernel.a(timeout.c.obj)
                0x00000000000088fa                sys_clock_tick_get_32
 .text.z_impl_k_uptime_ticks
                0x0000000000008902        0x8 zephyr/kernel/libkernel.a(timeout.c.obj)
                0x0000000000008902                z_impl_k_uptime_ticks
 .text.z_impl_k_busy_wait
                0x000000000000890a        0xc zephyr/kernel/libkernel.a(timeout.c.obj)
                0x000000000000890a                z_impl_k_busy_wait
 .text.sys_clock_timeout_end_calc
                0x0000000000008916       0x5a zephyr/kernel/libkernel.a(timeout.c.obj)
                0x0000000000008916                sys_clock_timeout_end_calc
 .text.z_reschedule_unlocked
                0x0000000000008970       0x18 zephyr/kernel/libkernel.a(timer.c.obj)
 .text.z_impl_k_timer_stop
                0x0000000000008988       0x26 zephyr/kernel/libkernel.a(timer.c.obj)
                0x0000000000008988                z_impl_k_timer_stop
 .text.z_heap_aligned_alloc
                0x00000000000089ae       0x32 zephyr/kernel/libkernel.a(mempool.c.obj)
 .text.k_free   0x00000000000089e0       0x12 zephyr/kernel/libkernel.a(mempool.c.obj)
                0x00000000000089e0                k_free
 .text.k_heap_init
                0x00000000000089f2       0x10 zephyr/kernel/libkernel.a(kheap.c.obj)
                0x00000000000089f2                k_heap_init
 .text.k_heap_aligned_alloc
                0x0000000000008a02       0xac zephyr/kernel/libkernel.a(kheap.c.obj)
                0x0000000000008a02                k_heap_aligned_alloc
 .text.k_heap_free
                0x0000000000008aae       0x3a zephyr/kernel/libkernel.a(kheap.c.obj)
                0x0000000000008aae                k_heap_free
 .text._OffsetAbsSyms
                0x0000000000008ae8        0x2 zephyr/CMakeFiles/offsets.dir/./arch/arm/core/offsets/offsets.c.obj
                0x0000000000008ae8                _OffsetAbsSyms
 .text.atoi     0x0000000000008aea        0x8 /opt/nordic/ncs/toolchains/4ef6631da0/opt/zephyr-sdk/arm-zephyr-eabi/arm-zephyr-eabi/lib/thumb/v7e-m/nofp/libc_nano.a(lib_a-atoi.o)
                0x0000000000008aea                atoi
 .text.memcpy   0x0000000000008af2       0x1c /opt/nordic/ncs/toolchains/4ef6631da0/opt/zephyr-sdk/arm-zephyr-eabi/arm-zephyr-eabi/lib/thumb/v7e-m/nofp/libc_nano.a(lib_a-memcpy-stub.o)
                0x0000000000008af2                memcpy
 .text.memset   0x0000000000008b0e       0x10 /opt/nordic/ncs/toolchains/4ef6631da0/opt/zephyr-sdk/arm-zephyr-eabi/arm-zephyr-eabi/lib/thumb/v7e-m/nofp/libc_nano.a(lib_a-memset.o)
                0x0000000000008b0e                memset
 .text.__seofread
                0x0000000000008b1e        0x4 /opt/nordic/ncs/toolchains/4ef6631da0/opt/zephyr-sdk/arm-zephyr-eabi/arm-zephyr-eabi/lib/thumb/v7e-m/nofp/libc_nano.a(lib_a-stdio.o)
                0x0000000000008b1e                __seofread
 .text.strncpy  0x0000000000008b22       0x26 /opt/nordic/ncs/toolchains/4ef6631da0/opt/zephyr-sdk/arm-zephyr-eabi/arm-zephyr-eabi/lib/thumb/v7e-m/nofp/libc_nano.a(lib_a-strncpy.o)
                0x0000000000008b22                strncpy
 .text.strnlen  0x0000000000008b48       0x18 /opt/nordic/ncs/toolchains/4ef6631da0/opt/zephyr-sdk/arm-zephyr-eabi/arm-zephyr-eabi/lib/thumb/v7e-m/nofp/libc_nano.a(lib_a-strnlen.o)
                0x0000000000008b48                strnlen
 .text._strtol_r
                0x0000000000008b60        0x4 /opt/nordic/ncs/toolchains/4ef6631da0/opt/zephyr-sdk/arm-zephyr-eabi/arm-zephyr-eabi/lib/thumb/v7e-m/nofp/libc_nano.a(lib_a-strtol.o)
                0x0000000000008b60                _strtol_r
 .text._sungetc_r
                0x0000000000008b64       0x76 /opt/nordic/ncs/toolchains/4ef6631da0/opt/zephyr-sdk/arm-zephyr-eabi/arm-zephyr-eabi/lib/thumb/v7e-m/nofp/libc_nano.a(lib_a-nano-svfscanf.o)
                0x0000000000008b64                _sungetc_r
 .text.__ssrefill_r
                0x0000000000008bda       0x3a /opt/nordic/ncs/toolchains/4ef6631da0/opt/zephyr-sdk/arm-zephyr-eabi/arm-zephyr-eabi/lib/thumb/v7e-m/nofp/libc_nano.a(lib_a-nano-svfscanf.o)
                0x0000000000008bda                __ssrefill_r
 .text.__sccl   0x0000000000008c14       0x72 /opt/nordic/ncs/toolchains/4ef6631da0/opt/zephyr-sdk/arm-zephyr-eabi/arm-zephyr-eabi/lib/thumb/v7e-m/nofp/libc_nano.a(lib_a-sccl.o)
                0x0000000000008c14                __sccl
 .text._strtoul_r
                0x0000000000008c86        0x4 /opt/nordic/ncs/toolchains/4ef6631da0/opt/zephyr-sdk/arm-zephyr-eabi/arm-zephyr-eabi/lib/thumb/v7e-m/nofp/libc_nano.a(lib_a-strtoul.o)
                0x0000000000008c86                _strtoul_r
 .text.__submore
                0x0000000000008c8a       0x74 /opt/nordic/ncs/toolchains/4ef6631da0/opt/zephyr-sdk/arm-zephyr-eabi/arm-zephyr-eabi/lib/thumb/v7e-m/nofp/libc_nano.a(lib_a-ungetc.o)
                0x0000000000008c8a                __submore
 .text._realloc_r
                0x0000000000008cfe       0x4a /opt/nordic/ncs/toolchains/4ef6631da0/opt/zephyr-sdk/arm-zephyr-eabi/arm-zephyr-eabi/lib/thumb/v7e-m/nofp/libc_nano.a(lib_a-nano-reallocr.o)
                0x0000000000008cfe                _realloc_r
 .text._malloc_usable_size_r
                0x0000000000008d48       0x10 /opt/nordic/ncs/toolchains/4ef6631da0/opt/zephyr-sdk/arm-zephyr-eabi/arm-zephyr-eabi/lib/thumb/v7e-m/nofp/libc_nano.a(lib_a-nano-msizer.o)
                0x0000000000008d48                _malloc_usable_size_r
 *(SORT_BY_ALIGNMENT(.TEXT.*))
 *(SORT_BY_ALIGNMENT(.gnu.linkonce.t.*))
 *(SORT_BY_ALIGNMENT(.glue_7t))
 .glue_7t       0x0000000000008d58        0x0 linker stubs
 *(SORT_BY_ALIGNMENT(.glue_7))
 .glue_7        0x0000000000008d58        0x0 linker stubs
 *(SORT_BY_ALIGNMENT(.vfp11_veneer))
 .vfp11_veneer  0x0000000000008d58        0x0 linker stubs
 *(SORT_BY_ALIGNMENT(.v4_bx))
 .v4_bx         0x0000000000008d58        0x0 linker stubs
                0x0000000000008d58                . = ALIGN (0x4)
                0x0000000000008d58                __text_region_end = .

.ARM.exidx      0x0000000000008d58        0x8
                0x0000000000008d58                __exidx_start = .
 *(SORT_BY_ALIGNMENT(.ARM.exidx*) SORT_BY_ALIGNMENT(gnu.linkonce.armexidx.*))
 .ARM.exidx     0x0000000000008d58        0x8 /opt/nordic/ncs/toolchains/4ef6631da0/opt/zephyr-sdk/arm-zephyr-eabi/bin/../lib/gcc/arm-zephyr-eabi/12.2.0/thumb/v7e-m/nofp/libgcc.a(_udivmoddi4.o)
                0x0000000000008d60                __exidx_end = .
                0x0000000000008d60                __rodata_region_start = .

initlevel       0x0000000000008d60       0x58
                0x0000000000008d60                __init_start = .
                0x0000000000008d60                __init_EARLY_start = .
 *(SORT_BY_NAME(SORT_BY_ALIGNMENT(.z_init_EARLY[0-9]_*)))
 *(SORT_BY_NAME(SORT_BY_ALIGNMENT(.z_init_EARLY[1-9][0-9]_*)))
                0x0000000000008d60                __init_PRE_KERNEL_1_start = .
 *(SORT_BY_NAME(SORT_BY_ALIGNMENT(.z_init_PRE_KERNEL_1[0-9]_*)))
 .z_init_PRE_KERNEL_10_
                0x0000000000008d60        0x8 zephyr/soc/arm/nordic_nrf/nrf52/libsoc__arm__nordic_nrf__nrf52.a(soc.c.obj)
 *(SORT_BY_NAME(SORT_BY_ALIGNMENT(.z_init_PRE_KERNEL_1[1-9][0-9]_*)))
 .z_init_PRE_KERNEL_130_
                0x0000000000008d68        0x8 zephyr/drivers/clock_control/libdrivers__clock_control.a(clock_control_nrf.c.obj)
 .z_init_PRE_KERNEL_130_
                0x0000000000008d70        0x8 modules/segger/libmodules__segger.a(SEGGER_RTT_zephyr.c.obj)
 .z_init_PRE_KERNEL_130_
                0x0000000000008d78        0x8 zephyr/kernel/libkernel.a(kheap.c.obj)
 .z_init_PRE_KERNEL_140_
                0x0000000000008d80        0x8 zephyr/drivers/gpio/libdrivers__gpio.a(gpio_nrfx.c.obj)
 .z_init_PRE_KERNEL_155_
                0x0000000000008d88        0x8 zephyr/drivers/serial/libdrivers__serial.a(uart_nrfx_uarte.c.obj)
 .z_init_PRE_KERNEL_160_
                0x0000000000008d90        0x8 zephyr/drivers/console/libdrivers__console.a(uart_console.c.obj)
                0x0000000000008d98                __init_PRE_KERNEL_2_start = .
 *(SORT_BY_NAME(SORT_BY_ALIGNMENT(.z_init_PRE_KERNEL_2[0-9]_*)))
 .z_init_PRE_KERNEL_20_
                0x0000000000008d98        0x8 zephyr/drivers/timer/libdrivers__timer.a(nrf_rtc_timer.c.obj)
 *(SORT_BY_NAME(SORT_BY_ALIGNMENT(.z_init_PRE_KERNEL_2[1-9][0-9]_*)))
                0x0000000000008da0                __init_POST_KERNEL_start = .
 *(SORT_BY_NAME(SORT_BY_ALIGNMENT(.z_init_POST_KERNEL[0-9]_*)))
 *(SORT_BY_NAME(SORT_BY_ALIGNMENT(.z_init_POST_KERNEL[1-9][0-9]_*)))
 .z_init_POST_KERNEL40_
                0x0000000000008da0        0x8 zephyr/lib/libc/newlib/liblib__libc__newlib.a(libc-hooks.c.obj)
 .z_init_POST_KERNEL50_
                0x0000000000008da8        0x8 zephyr/drivers/adc/libdrivers__adc.a(adc_nrfx_saadc.c.obj)
 .z_init_POST_KERNEL50_
                0x0000000000008db0        0x8 zephyr/drivers/pwm/libdrivers__pwm.a(pwm_nrfx.c.obj)
                0x0000000000008db8                __init_APPLICATION_start = .
 *(SORT_BY_NAME(SORT_BY_ALIGNMENT(.z_init_APPLICATION[0-9]_*)))
 *(SORT_BY_NAME(SORT_BY_ALIGNMENT(.z_init_APPLICATION[1-9][0-9]_*)))
                0x0000000000008db8                __init_SMP_start = .
 *(SORT_BY_NAME(SORT_BY_ALIGNMENT(.z_init_SMP[0-9]_*)))
 *(SORT_BY_NAME(SORT_BY_ALIGNMENT(.z_init_SMP[1-9][0-9]_*)))
                0x0000000000008db8                __init_end = .

devices         0x0000000000008db8       0x78
                0x0000000000008db8                __device_start = .
                0x0000000000008db8                __device_EARLY_start = .
 *(SORT_BY_NAME(SORT_BY_ALIGNMENT(.z_device_EARLY[0-9]_*)))
 *(SORT_BY_NAME(SORT_BY_ALIGNMENT(.z_device_EARLY[1-9][0-9]_*)))
                0x0000000000008db8                __device_PRE_KERNEL_1_start = .
 *(SORT_BY_NAME(SORT_BY_ALIGNMENT(.z_device_PRE_KERNEL_1[0-9]_*)))
 *(SORT_BY_NAME(SORT_BY_ALIGNMENT(.z_device_PRE_KERNEL_1[1-9][0-9]_*)))
 .z_device_PRE_KERNEL_130_
                0x0000000000008db8       0x18 zephyr/drivers/clock_control/libdrivers__clock_control.a(clock_control_nrf.c.obj)
                0x0000000000008db8                __device_dts_ord_40
 .z_device_PRE_KERNEL_140_
                0x0000000000008dd0       0x18 zephyr/drivers/gpio/libdrivers__gpio.a(gpio_nrfx.c.obj)
                0x0000000000008dd0                __device_dts_ord_11
 .z_device_PRE_KERNEL_155_
                0x0000000000008de8       0x18 zephyr/drivers/serial/libdrivers__serial.a(uart_nrfx_uarte.c.obj)
                0x0000000000008de8                __device_dts_ord_76
                0x0000000000008e00                __device_PRE_KERNEL_2_start = .
 *(SORT_BY_NAME(SORT_BY_ALIGNMENT(.z_device_PRE_KERNEL_2[0-9]_*)))
 *(SORT_BY_NAME(SORT_BY_ALIGNMENT(.z_device_PRE_KERNEL_2[1-9][0-9]_*)))
                0x0000000000008e00                __device_POST_KERNEL_start = .
 *(SORT_BY_NAME(SORT_BY_ALIGNMENT(.z_device_POST_KERNEL[0-9]_*)))
 *(SORT_BY_NAME(SORT_BY_ALIGNMENT(.z_device_POST_KERNEL[1-9][0-9]_*)))
 .z_device_POST_KERNEL50_
                0x0000000000008e00       0x18 zephyr/drivers/adc/libdrivers__adc.a(adc_nrfx_saadc.c.obj)
                0x0000000000008e00                __device_dts_ord_8
 .z_device_POST_KERNEL50_
                0x0000000000008e18       0x18 zephyr/drivers/pwm/libdrivers__pwm.a(pwm_nrfx.c.obj)
                0x0000000000008e18                __device_dts_ord_34
                0x0000000000008e30                __device_APPLICATION_start = .
 *(SORT_BY_NAME(SORT_BY_ALIGNMENT(.z_device_APPLICATION[0-9]_*)))
 *(SORT_BY_NAME(SORT_BY_ALIGNMENT(.z_device_APPLICATION[1-9][0-9]_*)))
                0x0000000000008e30                __device_SMP_start = .
 *(SORT_BY_NAME(SORT_BY_ALIGNMENT(.z_device_SMP[0-9]_*)))
 *(SORT_BY_NAME(SORT_BY_ALIGNMENT(.z_device_SMP[1-9][0-9]_*)))
                0x0000000000008e30                __device_end = .

sw_isr_table    0x0000000000008e30      0x138
                0x0000000000008e30                . = ALIGN (0x4)
 *(SORT_BY_ALIGNMENT(.gnu.linkonce.sw_isr_table*))
 .gnu.linkonce.sw_isr_table
                0x0000000000008e30      0x138 zephyr/arch/common/libisr_tables.a(isr_tables.c.obj)
                0x0000000000008e30                _sw_isr_table

initlevel_error
                0x0000000000008d60        0x0
 *(SORT_BY_NAME(SORT_BY_ALIGNMENT(.z_init_[_A-Z0-9]*)))
                0x0000000000000001                ASSERT ((SIZEOF (initlevel_error) == 0x0), Undefined initialization levels used.)

app_shmem_regions
                0x0000000000008f68        0x0
                0x0000000000008f68                __app_shmem_regions_start = .
 *(SORT_BY_NAME(SORT_BY_ALIGNMENT(.app_regions.*)))
                0x0000000000008f68                __app_shmem_regions_end = .

k_p4wq_initparam_area
                0x0000000000008f68        0x0
                0x0000000000008f68                _k_p4wq_initparam_list_start = .
 *(SORT_BY_NAME(SORT_BY_ALIGNMENT(._k_p4wq_initparam.static.*)))
                0x0000000000008f68                _k_p4wq_initparam_list_end = .

_static_thread_data_area
                0x0000000000008f68        0x0
                0x0000000000008f68                __static_thread_data_list_start = .
 *(SORT_BY_NAME(SORT_BY_ALIGNMENT(.__static_thread_data.static.*)))
                0x0000000000008f68                __static_thread_data_list_end = .

device_handles  0x0000000000008f68       0x1e
                0x0000000000008f68                __device_handles_start = .
 *(SORT_BY_NAME(SORT_BY_ALIGNMENT(.__device_handles_pass2*)))
 .__device_handles_pass2
                0x0000000000008f68       0x1e zephyr/CMakeFiles/zephyr_pre1.dir/dev_handles.c.obj
                0x0000000000008f68                __devicehdl_dts_ord_34
                0x0000000000008f6e                __devicehdl_dts_ord_8
                0x0000000000008f74                __devicehdl_dts_ord_76
                0x0000000000008f7a                __devicehdl_dts_ord_11
                0x0000000000008f80                __devicehdl_dts_ord_40
                0x0000000000008f86                __device_handles_end = .

ztest           0x0000000000008f86        0x0